Component: ARM Compiler 5.06 update 7 (build 960) Tool: armlink [4d3601]

==============================================================================

Section Cross References

    startup_stm32f40xx.o(RESET) refers to startup_stm32f40xx.o(STACK) for __initial_sp
    startup_stm32f40xx.o(RESET) refers to startup_stm32f40xx.o(.text) for Reset_Handler
    startup_stm32f40xx.o(RESET) refers to stm32f4xx_it.o(i.NMI_Handler) for NMI_Handler
    startup_stm32f40xx.o(RESET) refers to stm32f4xx_it.o(i.HardFault_Handler) for HardFault_Handler
    startup_stm32f40xx.o(RESET) refers to stm32f4xx_it.o(i.MemManage_Handler) for MemManage_Handler
    startup_stm32f40xx.o(RESET) refers to stm32f4xx_it.o(i.BusFault_Handler) for BusFault_Handler
    startup_stm32f40xx.o(RESET) refers to stm32f4xx_it.o(i.UsageFault_Handler) for UsageFault_Handler
    startup_stm32f40xx.o(RESET) refers to stm32f4xx_it.o(i.SVC_Handler) for SVC_Handler
    startup_stm32f40xx.o(RESET) refers to stm32f4xx_it.o(i.DebugMon_Handler) for DebugMon_Handler
    startup_stm32f40xx.o(RESET) refers to stm32f4xx_it.o(i.PendSV_Handler) for PendSV_Handler
    startup_stm32f40xx.o(RESET) refers to stm32f4xx_it.o(i.SysTick_Handler) for SysTick_Handler
    startup_stm32f40xx.o(RESET) refers to main.o(i.TIM2_IRQHandler) for TIM2_IRQHandler
    startup_stm32f40xx.o(RESET) refers to hc_sr04.o(i.TIM4_IRQHandler) for TIM4_IRQHandler
    startup_stm32f40xx.o(RESET) refers to serial.o(i.USART2_IRQHandler) for USART2_IRQHandler
    startup_stm32f40xx.o(RESET) refers to serial.o(i.USART3_IRQHandler) for USART3_IRQHandler
    startup_stm32f40xx.o(RESET) refers to ld3320.o(i.EXTI15_10_IRQHandler) for EXTI15_10_IRQHandler
    startup_stm32f40xx.o(.text) refers to system_stm32f4xx.o(i.SystemInit) for SystemInit
    startup_stm32f40xx.o(.text) refers to entry.o(.ARM.Collect$$$$00000000) for __main
    stm32f4xx_adc.o(i.ADC_DeInit) refers to stm32f4xx_rcc.o(i.RCC_APB2PeriphResetCmd) for RCC_APB2PeriphResetCmd
    stm32f4xx_can.o(i.CAN_DeInit) refers to stm32f4xx_rcc.o(i.RCC_APB1PeriphResetCmd) for RCC_APB1PeriphResetCmd
    stm32f4xx_can.o(i.CAN_GetITStatus) refers to stm32f4xx_can.o(i.CheckITStatus) for CheckITStatus
    stm32f4xx_cryp.o(i.CRYP_DeInit) refers to stm32f4xx_rcc.o(i.RCC_AHB2PeriphResetCmd) for RCC_AHB2PeriphResetCmd
    stm32f4xx_cryp_aes.o(i.CRYP_AES_CBC) refers to stm32f4xx_cryp.o(i.CRYP_KeyStructInit) for CRYP_KeyStructInit
    stm32f4xx_cryp_aes.o(i.CRYP_AES_CBC) refers to stm32f4xx_cryp.o(i.CRYP_FIFOFlush) for CRYP_FIFOFlush
    stm32f4xx_cryp_aes.o(i.CRYP_AES_CBC) refers to stm32f4xx_cryp.o(i.CRYP_Init) for CRYP_Init
    stm32f4xx_cryp_aes.o(i.CRYP_AES_CBC) refers to stm32f4xx_cryp.o(i.CRYP_KeyInit) for CRYP_KeyInit
    stm32f4xx_cryp_aes.o(i.CRYP_AES_CBC) refers to stm32f4xx_cryp.o(i.CRYP_Cmd) for CRYP_Cmd
    stm32f4xx_cryp_aes.o(i.CRYP_AES_CBC) refers to stm32f4xx_cryp.o(i.CRYP_GetFlagStatus) for CRYP_GetFlagStatus
    stm32f4xx_cryp_aes.o(i.CRYP_AES_CBC) refers to stm32f4xx_cryp.o(i.CRYP_IVInit) for CRYP_IVInit
    stm32f4xx_cryp_aes.o(i.CRYP_AES_CBC) refers to stm32f4xx_cryp.o(i.CRYP_GetCmdStatus) for CRYP_GetCmdStatus
    stm32f4xx_cryp_aes.o(i.CRYP_AES_CBC) refers to stm32f4xx_cryp.o(i.CRYP_DataIn) for CRYP_DataIn
    stm32f4xx_cryp_aes.o(i.CRYP_AES_CBC) refers to stm32f4xx_cryp.o(i.CRYP_DataOut) for CRYP_DataOut
    stm32f4xx_cryp_aes.o(i.CRYP_AES_CCM) refers to stm32f4xx_cryp.o(i.CRYP_KeyStructInit) for CRYP_KeyStructInit
    stm32f4xx_cryp_aes.o(i.CRYP_AES_CCM) refers to stm32f4xx_cryp.o(i.CRYP_FIFOFlush) for CRYP_FIFOFlush
    stm32f4xx_cryp_aes.o(i.CRYP_AES_CCM) refers to stm32f4xx_cryp.o(i.CRYP_KeyInit) for CRYP_KeyInit
    stm32f4xx_cryp_aes.o(i.CRYP_AES_CCM) refers to stm32f4xx_cryp.o(i.CRYP_IVInit) for CRYP_IVInit
    stm32f4xx_cryp_aes.o(i.CRYP_AES_CCM) refers to stm32f4xx_cryp.o(i.CRYP_Init) for CRYP_Init
    stm32f4xx_cryp_aes.o(i.CRYP_AES_CCM) refers to stm32f4xx_cryp.o(i.CRYP_PhaseConfig) for CRYP_PhaseConfig
    stm32f4xx_cryp_aes.o(i.CRYP_AES_CCM) refers to stm32f4xx_cryp.o(i.CRYP_DataIn) for CRYP_DataIn
    stm32f4xx_cryp_aes.o(i.CRYP_AES_CCM) refers to stm32f4xx_cryp.o(i.CRYP_Cmd) for CRYP_Cmd
    stm32f4xx_cryp_aes.o(i.CRYP_AES_CCM) refers to stm32f4xx_cryp.o(i.CRYP_GetCmdStatus) for CRYP_GetCmdStatus
    stm32f4xx_cryp_aes.o(i.CRYP_AES_CCM) refers to stm32f4xx_cryp.o(i.CRYP_GetFlagStatus) for CRYP_GetFlagStatus
    stm32f4xx_cryp_aes.o(i.CRYP_AES_CCM) refers to stm32f4xx_cryp.o(i.CRYP_DataOut) for CRYP_DataOut
    stm32f4xx_cryp_aes.o(i.CRYP_AES_CTR) refers to stm32f4xx_cryp.o(i.CRYP_KeyStructInit) for CRYP_KeyStructInit
    stm32f4xx_cryp_aes.o(i.CRYP_AES_CTR) refers to stm32f4xx_cryp.o(i.CRYP_KeyInit) for CRYP_KeyInit
    stm32f4xx_cryp_aes.o(i.CRYP_AES_CTR) refers to stm32f4xx_cryp.o(i.CRYP_Init) for CRYP_Init
    stm32f4xx_cryp_aes.o(i.CRYP_AES_CTR) refers to stm32f4xx_cryp.o(i.CRYP_IVInit) for CRYP_IVInit
    stm32f4xx_cryp_aes.o(i.CRYP_AES_CTR) refers to stm32f4xx_cryp.o(i.CRYP_FIFOFlush) for CRYP_FIFOFlush
[...]
    Removing stm32f4xx_tim.o(i.TIM_ForcedOC2Config), (26 bytes).
    Removing stm32f4xx_tim.o(i.TIM_ForcedOC3Config), (18 bytes).
    Removing stm32f4xx_tim.o(i.TIM_ForcedOC4Config), (26 bytes).
    Removing stm32f4xx_tim.o(i.TIM_GenerateEvent), (4 bytes).
    Removing stm32f4xx_tim.o(i.TIM_GetCapture1), (6 bytes).
    Removing stm32f4xx_tim.o(i.TIM_GetCapture2), (6 bytes).
    Removing stm32f4xx_tim.o(i.TIM_GetCapture3), (6 bytes).
    Removing stm32f4xx_tim.o(i.TIM_GetCapture4), (6 bytes).
    Removing stm32f4xx_tim.o(i.TIM_GetCounter), (6 bytes).
    Removing stm32f4xx_tim.o(i.TIM_GetFlagStatus), (18 bytes).
    Removing stm32f4xx_tim.o(i.TIM_GetPrescaler), (6 bytes).
    Removing stm32f4xx_tim.o(i.TIM_ICInit), (110 bytes).
    Removing stm32f4xx_tim.o(i.TIM_ICStructInit), (18 bytes).
    Removing stm32f4xx_tim.o(i.TIM_ITConfig), (18 bytes).
    Removing stm32f4xx_tim.o(i.TIM_ITRxExternalClockConfig), (24 bytes).
    Removing stm32f4xx_tim.o(i.TIM_InternalClockConfig), (12 bytes).
    Removing stm32f4xx_tim.o(i.TIM_OC1FastConfig), (18 bytes).
    Removing stm32f4xx_tim.o(i.TIM_OC1Init), (124 bytes).
    Removing stm32f4xx_tim.o(i.TIM_OC1NPolarityConfig), (18 bytes).
    Removing stm32f4xx_tim.o(i.TIM_OC1PolarityConfig), (18 bytes).
    Removing stm32f4xx_tim.o(i.TIM_OC1PreloadConfig), (18 bytes).
    Removing stm32f4xx_tim.o(i.TIM_OC2FastConfig), (26 bytes).
    Removing stm32f4xx_tim.o(i.TIM_OC2Init), (164 bytes).
    Removing stm32f4xx_tim.o(i.TIM_OC2NPolarityConfig), (26 bytes).
    Removing stm32f4xx_tim.o(i.TIM_OC2PolarityConfig), (26 bytes).
    Removing stm32f4xx_tim.o(i.TIM_OC2PreloadConfig), (26 bytes).
    Removing stm32f4xx_tim.o(i.TIM_OC3FastConfig), (18 bytes).
    Removing stm32f4xx_tim.o(i.TIM_OC3Init), (160 bytes).
    Removing stm32f4xx_tim.o(i.TIM_OC3NPolarityConfig), (26 bytes).
    Removing stm32f4xx_tim.o(i.TIM_OC3PolarityConfig), (26 bytes).
    Removing stm32f4xx_tim.o(i.TIM_OC3PreloadConfig), (18 bytes).
    Removing stm32f4xx_tim.o(i.TIM_OC4FastConfig), (26 bytes).
    Removing stm32f4xx_tim.o(i.TIM_OC4Init), (120 bytes).
    Removing stm32f4xx_tim.o(i.TIM_OC4PolarityConfig), (26 bytes).
    Removing stm32f4xx_tim.o(i.TIM_OC4PreloadConfig), (26 bytes).
    Removing stm32f4xx_tim.o(i.TIM_OCStructInit), (20 bytes).
    Removing stm32f4xx_tim.o(i.TIM_PWMIConfig), (124 bytes).
    Removing stm32f4xx_tim.o(i.TIM_PrescalerConfig), (6 bytes).
    Removing stm32f4xx_tim.o(i.TIM_RemapConfig), (6 bytes).
    Removing stm32f4xx_tim.o(i.TIM_SelectCCDMA), (24 bytes).
    Removing stm32f4xx_tim.o(i.TIM_SelectCOM), (24 bytes).
    Removing stm32f4xx_tim.o(i.TIM_SelectHallSensor), (24 bytes).
    Removing stm32f4xx_tim.o(i.TIM_SelectInputTrigger), (18 bytes).
    Removing stm32f4xx_tim.o(i.TIM_SelectMasterSlaveMode), (18 bytes).
    Removing stm32f4xx_tim.o(i.TIM_SelectOCxM), (86 bytes).
    Removing stm32f4xx_tim.o(i.TIM_SelectOnePulseMode), (18 bytes).
    Removing stm32f4xx_tim.o(i.TIM_SelectOutputTrigger), (18 bytes).
    Removing stm32f4xx_tim.o(i.TIM_SelectSlaveMode), (18 bytes).
    Removing stm32f4xx_tim.o(i.TIM_SetAutoreload), (4 bytes).
    Removing stm32f4xx_tim.o(i.TIM_SetClockDivision), (18 bytes).
    Removing stm32f4xx_tim.o(i.TIM_SetCompare1), (4 bytes).
    Removing stm32f4xx_tim.o(i.TIM_SetCompare2), (4 bytes).
    Removing stm32f4xx_tim.o(i.TIM_SetCompare3), (4 bytes).
    Removing stm32f4xx_tim.o(i.TIM_SetCompare4), (4 bytes).
    Removing stm32f4xx_tim.o(i.TIM_SetCounter), (4 bytes).
    Removing stm32f4xx_tim.o(i.TIM_SetIC1Prescaler), (18 bytes).
    Removing stm32f4xx_tim.o(i.TIM_SetIC2Prescaler), (26 bytes).
    Removing stm32f4xx_tim.o(i.TIM_SetIC3Prescaler), (18 bytes).
    Removing stm32f4xx_tim.o(i.TIM_SetIC4Prescaler), (26 bytes).
    Removing stm32f4xx_tim.o(i.TIM_TIxExternalClockConfig), (62 bytes).
    Removing stm32f4xx_tim.o(i.TIM_TimeBaseInit), (132 bytes).
    Removing stm32f4xx_tim.o(i.TIM_TimeBaseStructInit), (18 bytes).
    Removing stm32f4xx_tim.o(i.TIM_UpdateDisableConfig), (24 bytes).
    Removing stm32f4xx_tim.o(i.TIM_UpdateRequestConfig), (24 bytes).
    Removing stm32f4xx_usart.o(.rev16_text), (4 bytes).
    Removing stm32f4xx_usart.o(.revsh_text), (4 bytes).
    Removing stm32f4xx_usart.o(.rrx_text), (6 bytes).
    Removing stm32f4xx_usart.o(i.USART_ClearFlag), (18 bytes).
    Removing stm32f4xx_usart.o(i.USART_ClockInit), (32 bytes).
    Removing stm32f4xx_usart.o(i.USART_ClockStructInit), (12 bytes).
    Removing stm32f4xx_usart.o(i.USART_DMACmd), (18 bytes).
    Removing stm32f4xx_usart.o(i.USART_DeInit), (240 bytes).
    Removing stm32f4xx_usart.o(i.USART_HalfDuplexCmd), (24 bytes).
    Removing stm32f4xx_usart.o(i.USART_IrDACmd), (24 bytes).
    Removing stm32f4xx_usart.o(i.USART_IrDAConfig), (18 bytes).
    Removing stm32f4xx_usart.o(i.USART_LINBreakDetectLengthConfig), (18 bytes).
    Removing stm32f4xx_usart.o(i.USART_LINCmd), (24 bytes).
    Removing stm32f4xx_usart.o(i.USART_OneBitMethodCmd), (24 bytes).
    Removing stm32f4xx_usart.o(i.USART_OverSampling8Cmd), (22 bytes).
    Removing stm32f4xx_usart.o(i.USART_ReceiverWakeUpCmd), (24 bytes).
    Removing stm32f4xx_usart.o(i.USART_SendBreak), (10 bytes).
    Removing stm32f4xx_usart.o(i.USART_SetAddress), (18 bytes).
    Removing stm32f4xx_usart.o(i.USART_SetGuardTime), (16 bytes).
    Removing stm32f4xx_usart.o(i.USART_SetPrescaler), (16 bytes).
    Removing stm32f4xx_usart.o(i.USART_SmartCardCmd), (24 bytes).
    Removing stm32f4xx_usart.o(i.USART_SmartCardNACKCmd), (24 bytes).
    Removing stm32f4xx_usart.o(i.USART_StructInit), (24 bytes).
    Removing stm32f4xx_usart.o(i.USART_WakeUpConfig), (18 bytes).
    Removing stm32f4xx_wwdg.o(.rev16_text), (4 bytes).
    Removing stm32f4xx_wwdg.o(.revsh_text), (4 bytes).
    Removing stm32f4xx_wwdg.o(.rrx_text), (6 bytes).
    Removing stm32f4xx_wwdg.o(i.WWDG_ClearFlag), (12 bytes).
    Removing stm32f4xx_wwdg.o(i.WWDG_DeInit), (22 bytes).
    Removing stm32f4xx_wwdg.o(i.WWDG_Enable), (16 bytes).
    Removing stm32f4xx_wwdg.o(i.WWDG_EnableIT), (12 bytes).
    Removing stm32f4xx_wwdg.o(i.WWDG_GetFlagStatus), (20 bytes).
    Removing stm32f4xx_wwdg.o(i.WWDG_SetCounter), (16 bytes).
    Removing stm32f4xx_wwdg.o(i.WWDG_SetPrescaler), (24 bytes).
    Removing stm32f4xx_wwdg.o(i.WWDG_SetWindowValue), (40 bytes).
    Removing system_stm32f4xx.o(.rev16_text), (4 bytes).
    Removing system_stm32f4xx.o(.revsh_text), (4 bytes).
    Removing system_stm32f4xx.o(.rrx_text), (6 bytes).
    Removing system_stm32f4xx.o(i.SystemCoreClockUpdate), (192 bytes).
    Removing system_stm32f4xx.o(.data), (20 bytes).
    Removing event_groups.o(i.prvTestWaitCondition), (30 bytes).
    Removing event_groups.o(i.uxEventGroupGetNumber), (14 bytes).
    Removing event_groups.o(i.vEventGroupClearBitsCallback), (16 bytes).
    Removing event_groups.o(i.vEventGroupDelete), (106 bytes).
    Removing event_groups.o(i.vEventGroupSetBitsCallback), (16 bytes).
    Removing event_groups.o(i.vEventGroupSetNumber), (4 bytes).
    Removing event_groups.o(i.xEventGroupClearBits), (92 bytes).
    Removing event_groups.o(i.xEventGroupCreate), (26 bytes).
    Removing event_groups.o(i.xEventGroupGetBitsFromISR), (44 bytes).
    Removing event_groups.o(i.xEventGroupSetBits), (206 bytes).
    Removing event_groups.o(i.xEventGroupSync), (272 bytes).
    Removing event_groups.o(i.xEventGroupWaitBits), (344 bytes).
    Removing list.o(i.uxListRemove), (40 bytes).
    Removing list.o(i.vListInitialise), (26 bytes).
    Removing list.o(i.vListInitialiseItem), (6 bytes).
    Removing list.o(i.vListInsert), (52 bytes).
    Removing list.o(i.vListInsertEnd), (24 bytes).
    Removing queue.o(i.pcQueueGetName), (68 bytes).
    Removing queue.o(i.prvCopyDataFromQueue), (42 bytes).
    Removing queue.o(i.prvCopyDataToQueue), (126 bytes).
    Removing queue.o(i.prvGetDisinheritPriorityAfterTimeout), (20 bytes).
    Removing queue.o(i.prvInitialiseMutex), (30 bytes).
    Removing queue.o(i.prvInitialiseNewQueue), (42 bytes).
    Removing queue.o(i.prvIsQueueEmpty), (26 bytes).
    Removing queue.o(i.prvIsQueueFull), (30 bytes).
    Removing queue.o(i.prvUnlockQueue), (126 bytes).
    Removing queue.o(i.ucQueueGetQueueType), (8 bytes).
    Removing queue.o(i.uxQueueGetQueueNumber), (6 bytes).
    Removing queue.o(i.uxQueueMessagesWaiting), (42 bytes).
    Removing queue.o(i.uxQueueMessagesWaitingFromISR), (34 bytes).
    Removing queue.o(i.uxQueueSpacesAvailable), (48 bytes).
    Removing queue.o(i.vQueueAddToRegistry), (96 bytes).
    Removing queue.o(i.vQueueDelete), (44 bytes).
    Removing queue.o(i.vQueueSetQueueNumber), (4 bytes).
    Removing queue.o(i.vQueueUnregisterQueue), (72 bytes).
    Removing queue.o(i.vQueueWaitForMessageRestricted), (74 bytes).
    Removing queue.o(i.xQueueCreateCountingSemaphore), (60 bytes).
    Removing queue.o(i.xQueueCreateMutex), (34 bytes).
    Removing queue.o(i.xQueueGenericCreate), (102 bytes).
    Removing queue.o(i.xQueueGenericReset), (220 bytes).
    Removing queue.o(i.xQueueGenericSend), (424 bytes).
    Removing queue.o(i.xQueueGenericSendFromISR), (296 bytes).
    Removing queue.o(i.xQueueGiveFromISR), (272 bytes).
    Removing queue.o(i.xQueueGiveMutexRecursive), (72 bytes).
    Removing queue.o(i.xQueueIsQueueEmptyFromISR), (42 bytes).
    Removing queue.o(i.xQueueIsQueueFullFromISR), (46 bytes).
    Removing queue.o(i.xQueuePeek), (368 bytes).
    Removing queue.o(i.xQueuePeekFromISR), (176 bytes).
    Removing queue.o(i.xQueueReceive), (360 bytes).
    Removing queue.o(i.xQueueReceiveFromISR), (252 bytes).
    Removing queue.o(i.xQueueSemaphoreTake), (404 bytes).
    Removing queue.o(i.xQueueTakeMutexRecursive), (78 bytes).
    Removing queue.o(.bss), (64 bytes).
    Removing stream_buffer.o(i.prvBytesInBuffer), (24 bytes).
    Removing stream_buffer.o(i.prvInitialiseNewStreamBuffer), (90 bytes).
    Removing stream_buffer.o(i.prvReadBytesFromBuffer), (180 bytes).
    Removing stream_buffer.o(i.prvReadMessageFromBuffer), (90 bytes).
    Removing stream_buffer.o(i.prvWriteBytesToBuffer), (184 bytes).
    Removing stream_buffer.o(i.prvWriteMessageToBuffer), (124 bytes).
    Removing stream_buffer.o(i.ucStreamBufferGetStreamBufferType), (10 bytes).
    Removing stream_buffer.o(i.uxStreamBufferGetStreamBufferNumber), (6 bytes).
    Removing stream_buffer.o(i.vStreamBufferDelete), (56 bytes).
    Removing stream_buffer.o(i.vStreamBufferSetStreamBufferNumber), (4 bytes).
    Removing stream_buffer.o(i.xStreamBufferBytesAvailable), (42 bytes).
    Removing stream_buffer.o(i.xStreamBufferGenericCreate), (180 bytes).
    Removing stream_buffer.o(i.xStreamBufferIsEmpty), (46 bytes).
    Removing stream_buffer.o(i.xStreamBufferIsFull), (64 bytes).
    Removing stream_buffer.o(i.xStreamBufferNextMessageLengthBytes), (108 bytes).
    Removing stream_buffer.o(i.xStreamBufferReceive), (262 bytes).
    Removing stream_buffer.o(i.xStreamBufferReceiveCompletedFromISR), (104 bytes).
    Removing stream_buffer.o(i.xStreamBufferReceiveFromISR), (184 bytes).
    Removing stream_buffer.o(i.xStreamBufferReset), (84 bytes).
    Removing stream_buffer.o(i.xStreamBufferSend), (346 bytes).
    Removing stream_buffer.o(i.xStreamBufferSendCompletedFromISR), (104 bytes).
    Removing stream_buffer.o(i.xStreamBufferSendFromISR), (186 bytes).
    Removing stream_buffer.o(i.xStreamBufferSetTriggerLevel), (50 bytes).
    Removing stream_buffer.o(i.xStreamBufferSpacesAvailable), (64 bytes).
    Removing tasks.o(i.eTaskGetState), (164 bytes).
    Removing tasks.o(i.pcTaskGetName), (48 bytes).
    Removing tasks.o(i.prvAddCurrentTaskToDelayedList), (192 bytes).
    Removing tasks.o(i.prvAddNewTaskToReadyList), (236 bytes).
    Removing tasks.o(i.prvCheckTasksWaitingTermination), (72 bytes).
    Removing tasks.o(i.prvDeleteTCB), (18 bytes).
    Removing tasks.o(i.prvIdleTask), (40 bytes).
    Removing tasks.o(i.prvInitialiseNewTask), (204 bytes).
    Removing tasks.o(i.prvInitialiseTaskLists), (104 bytes).
    Removing tasks.o(i.prvListTasksWithinSingleList), (106 bytes).
    Removing tasks.o(i.prvResetNextTaskUnblockTime), (48 bytes).
    Removing tasks.o(i.prvTaskCheckFreeStackSpace), (22 bytes).
    Removing tasks.o(i.prvTaskIsTaskSuspended), (88 bytes).
    Removing tasks.o(i.pvTaskIncrementMutexHeldCount), (32 bytes).
    Removing tasks.o(i.ulTaskGenericNotifyTake), (168 bytes).
    Removing tasks.o(i.ulTaskGenericNotifyValueClear), (64 bytes).
    Removing tasks.o(i.uxTaskGetNumberOfTasks), (12 bytes).
    Removing tasks.o(i.uxTaskGetSystemState), (176 bytes).
    Removing tasks.o(i.uxTaskGetTaskNumber), (14 bytes).
    Removing tasks.o(i.uxTaskPriorityGet), (36 bytes).
    Removing tasks.o(i.uxTaskPriorityGetFromISR), (68 bytes).
    Removing tasks.o(i.uxTaskResetEventItemValue), (28 bytes).
    Removing tasks.o(i.vTaskDelay), (92 bytes).
    Removing tasks.o(i.vTaskDelete), (252 bytes).
    Removing tasks.o(i.vTaskEndScheduler), (36 bytes).
    Removing tasks.o(i.vTaskGenericNotifyGiveFromISR), (396 bytes).
    Removing tasks.o(i.vTaskGetInfo), (132 bytes).
    Removing tasks.o(i.vTaskInternalSetTimeOutState), (24 bytes).
    Removing tasks.o(i.vTaskMissedYield), (12 bytes).
    Removing tasks.o(i.vTaskPlaceOnEventList), (56 bytes).
    Removing tasks.o(i.vTaskPlaceOnEventListRestricted), (100 bytes).
    Removing tasks.o(i.vTaskPlaceOnUnorderedEventList), (144 bytes).
    Removing tasks.o(i.vTaskPriorityDisinheritAfterTimeout), (280 bytes).
    Removing tasks.o(i.vTaskPrioritySet), (328 bytes).
    Removing tasks.o(i.vTaskRemoveFromUnorderedEventList), (272 bytes).
    Removing tasks.o(i.vTaskResume), (196 bytes).
    Removing tasks.o(i.vTaskSetTaskNumber), (8 bytes).
    Removing tasks.o(i.vTaskSetTimeOutState), (60 bytes).
    Removing tasks.o(i.vTaskStartScheduler), (156 bytes).
    Removing tasks.o(i.vTaskSuspend), (256 bytes).
    Removing tasks.o(i.vTaskSuspendAll), (16 bytes).
    Removing tasks.o(i.vTaskSwitchContext), (140 bytes).
    Removing tasks.o(i.xTaskCatchUpTicks), (80 bytes).
    Removing tasks.o(i.xTaskCheckForTimeOut), (144 bytes).
    Removing tasks.o(i.xTaskCreate), (104 bytes).
    Removing tasks.o(i.xTaskDelayUntil), (216 bytes).
    Removing tasks.o(i.xTaskGenericNotify), (464 bytes).
    Removing tasks.o(i.xTaskGenericNotifyFromISR), (548 bytes).
    Removing tasks.o(i.xTaskGenericNotifyStateClear), (96 bytes).
    Removing tasks.o(i.xTaskGenericNotifyWait), (204 bytes).
    Removing tasks.o(i.xTaskGetCurrentTaskHandle), (12 bytes).
    Removing tasks.o(i.xTaskGetSchedulerState), (32 bytes).
    Removing tasks.o(i.xTaskGetTickCount), (12 bytes).
    Removing tasks.o(i.xTaskGetTickCountFromISR), (20 bytes).
    Removing tasks.o(i.xTaskIncrementTick), (444 bytes).
    Removing tasks.o(i.xTaskPriorityDisinherit), (240 bytes).
    Removing tasks.o(i.xTaskPriorityInherit), (236 bytes).
    Removing tasks.o(i.xTaskRemoveFromEventList), (288 bytes).
    Removing tasks.o(i.xTaskResumeAll), (376 bytes).
    Removing tasks.o(i.xTaskResumeFromISR), (244 bytes).
    Removing tasks.o(.bss), (200 bytes).
    Removing tasks.o(.data), (64 bytes).
    Removing timers.o(i.pcTimerGetName), (32 bytes).
    Removing timers.o(i.prvCheckForValidListAndQueue), (100 bytes).
    Removing timers.o(i.prvGetNextExpireTime), (40 bytes).
    Removing timers.o(i.prvInitialiseNewTimer), (88 bytes).
    Removing timers.o(i.prvInsertTimerInActiveList), (88 bytes).
    Removing timers.o(i.prvProcessExpiredTimer), (68 bytes).
    Removing timers.o(i.prvProcessReceivedCommands), (284 bytes).
    Removing timers.o(i.prvProcessTimerOrBlockTask), (116 bytes).
    Removing timers.o(i.prvReloadTimer), (40 bytes).
    Removing timers.o(i.prvSampleTimeNow), (44 bytes).
    Removing timers.o(i.prvSwitchTimerLists), (68 bytes).
    Removing timers.o(i.prvTimerTask), (26 bytes).
    Removing timers.o(i.pvTimerGetTimerID), (44 bytes).
    Removing timers.o(i.uxTimerGetReloadMode), (12 bytes).
    Removing timers.o(i.uxTimerGetTimerNumber), (6 bytes).
    Removing timers.o(i.vTimerSetReloadMode), (70 bytes).
    Removing timers.o(i.vTimerSetTimerID), (44 bytes).
    Removing timers.o(i.vTimerSetTimerNumber), (4 bytes).
    Removing timers.o(i.xTimerCreate), (54 bytes).
    Removing timers.o(i.xTimerCreateTimerTask), (88 bytes).
    Removing timers.o(i.xTimerGenericCommand), (132 bytes).
    Removing timers.o(i.xTimerGetExpiryTime), (34 bytes).
    Removing timers.o(i.xTimerGetPeriod), (32 bytes).
    Removing timers.o(i.xTimerGetReloadMode), (58 bytes).
    Removing timers.o(i.xTimerGetTimerDaemonTaskHandle), (48 bytes).
    Removing timers.o(i.xTimerIsTimerActive), (58 bytes).
    Removing timers.o(.bss), (40 bytes).
    Removing timers.o(.data), (20 bytes).
    Removing port.o(.emb_text), (190 bytes).
    Removing port.o(i.prvTaskExitError), (64 bytes).
    Removing port.o(i.pxPortInitialiseStack), (44 bytes).
    Removing port.o(i.vPortEndScheduler), (48 bytes).
    Removing port.o(i.vPortEnterCritical), (84 bytes).
    Removing port.o(i.vPortExitCritical), (60 bytes).
    Removing port.o(i.vPortSetupTimerInterrupt), (40 bytes).
    Removing port.o(i.vPortValidateInterruptPriority), (120 bytes).
    Removing port.o(i.xPortStartScheduler), (360 bytes).
    Removing port.o(i.xPortSysTickHandler), (52 bytes).
    Removing port.o(.data), (12 bytes).
    Removing heap_4.o(i.prvHeapInit), (112 bytes).
    Removing heap_4.o(i.prvInsertBlockIntoFreeList), (104 bytes).
    Removing heap_4.o(i.pvPortCalloc), (54 bytes).
    Removing heap_4.o(i.pvPortMalloc), (300 bytes).
    Removing heap_4.o(i.vPortFree), (140 bytes).
    Removing heap_4.o(i.vPortGetHeapStats), (128 bytes).
    Removing heap_4.o(i.vPortInitialiseBlocks), (2 bytes).
    Removing heap_4.o(i.xPortGetFreeHeapSize), (12 bytes).
    Removing heap_4.o(i.xPortGetMinimumEverFreeHeapSize), (12 bytes).
    Removing heap_4.o(.bss), (76800 bytes).
    Removing heap_4.o(.data), (28 bytes).
    Removing serial.o(.rev16_text), (4 bytes).
    Removing serial.o(.revsh_text), (4 bytes).
    Removing serial.o(.rrx_text), (6 bytes).
    Removing serial.o(i.Serial_End), (22 bytes).
    Removing serial.o(i.Serial_LookUpData), (32 bytes).
    Removing serial.o(i.Serial_SendArray), (24 bytes).
    Removing serial.o(i.Serial_SendNumber), (80 bytes).
    Removing serial.o(.data), (36 bytes).
    Removing tim.o(.rev16_text), (4 bytes).
    Removing tim.o(.revsh_text), (4 bytes).
    Removing tim.o(.rrx_text), (6 bytes).
    Removing tim.o(i.Timer_Init), (204 bytes).
    Removing delay.o(.rev16_text), (4 bytes).
    Removing delay.o(.revsh_text), (4 bytes).
    Removing delay.o(.rrx_text), (6 bytes).
    Removing delay.o(i.delay_s), (24 bytes).
    Removing dht11.o(.rev16_text), (4 bytes).
    Removing dht11.o(.revsh_text), (4 bytes).
    Removing dht11.o(.rrx_text), (6 bytes).
    Removing hc_sr04.o(.rev16_text), (4 bytes).
    Removing hc_sr04.o(.revsh_text), (4 bytes).
    Removing hc_sr04.o(.rrx_text), (6 bytes).
    Removing hc_sr04.o(i.CloseTimerForHc), (16 bytes).
    Removing hc_sr04.o(i.GetEchoTimer), (52 bytes).
    Removing hc_sr04.o(i.HC_Get), (160 bytes).
    Removing hc_sr04.o(i.HC_Init), (204 bytes).
    Removing hc_sr04.o(i.OpenTimerForHc), (36 bytes).
    Removing myiic.o(.rev16_text), (4 bytes).
    Removing myiic.o(.revsh_text), (4 bytes).
    Removing myiic.o(.rrx_text), (6 bytes).
    Removing myiic.o(i.IIC_Ack), (80 bytes).
    Removing myiic.o(i.IIC_Init), (76 bytes).
    Removing myiic.o(i.IIC_NAck), (80 bytes).
    Removing myiic.o(i.IIC_Read_Byte), (108 bytes).
    Removing myiic.o(i.IIC_Send_Byte), (104 bytes).
    Removing myiic.o(i.IIC_Start), (76 bytes).
    Removing myiic.o(i.IIC_Stop), (76 bytes).
    Removing myiic.o(i.IIC_Wait_Ack), (96 bytes).
    Removing beep.o(.rev16_text), (4 bytes).
    Removing beep.o(.revsh_text), (4 bytes).
    Removing beep.o(.rrx_text), (6 bytes).
    Removing beep.o(i.BEEP_Init), (60 bytes).
    Removing beep.o(i.Sound), (68 bytes).
    Removing beep.o(i.Sound2), (40 bytes).
    Removing beep.o(i.play_failed), (32 bytes).
    Removing beep.o(i.play_music), (192 bytes).
    Removing beep.o(i.play_successful), (32 bytes).
    Removing beep.o(.constdata), (30 bytes).
    Removing beep.o(.data), (48 bytes).
    Removing ds1302.o(.rev16_text), (4 bytes).
    Removing ds1302.o(.revsh_text), (4 bytes).
    Removing ds1302.o(.rrx_text), (6 bytes).
    Removing ds1302.o(i.ds1032_DATAINPUT_init), (36 bytes).
    Removing ds1302.o(i.ds1032_DATAOUT_init), (60 bytes).
    Removing ds1302.o(i.ds1032_init), (76 bytes).
    Removing ds1302.o(i.ds1032_read_realTime), (184 bytes).
    Removing ds1302.o(i.ds1032_read_time), (80 bytes).
    Removing ds1302.o(i.ds1302_gpio_init), (100 bytes).
    Removing ds1302.o(i.ds1302_read_rig), (176 bytes).
    Removing ds1302.o(i.ds1302_wirte_rig), (100 bytes).
    Removing ds1302.o(i.ds1302_write_onebyte), (88 bytes).
    Removing ds1302.o(.data), (15 bytes).
    Removing ld3320.o(.rev16_text), (4 bytes).
    Removing ld3320.o(.revsh_text), (4 bytes).
    Removing ld3320.o(.rrx_text), (6 bytes).
    Removing ld3320.o(i.LD3320_EXTI_Cfg), (124 bytes).
    Removing ld3320.o(i.LD3320_GPIO_Cfg), (72 bytes).
    Removing ld3320.o(i.LD3320_SPI_cfg), (224 bytes).
    Removing ld3320.o(i.LD3320_init), (20 bytes).
    Removing main.o(.rev16_text), (4 bytes).
    Removing main.o(.revsh_text), (4 bytes).
    Removing main.o(.rrx_text), (6 bytes).
    Removing stm32f4xx_it.o(.rev16_text), (4 bytes).
    Removing stm32f4xx_it.o(.revsh_text), (4 bytes).
    Removing stm32f4xx_it.o(.rrx_text), (6 bytes).

1019 unused section(s) (total 134175 bytes) removed from the image.

==============================================================================

Image Symbol Table

    Local Symbols

    Symbol Name                              Value     Ov Type        Size  Object(Section)

    ../clib/microlib/division.c              0x00000000   Number         0  uidiv.o ABSOLUTE
    ../clib/microlib/division.c              0x00000000   Number         0  uldiv.o ABSOLUTE
    ../clib/microlib/init/entry.s            0x00000000   Number         0  entry10a.o ABSOLUTE
    ../clib/microlib/init/entry.s            0x00000000   Number         0  entry12b.o ABSOLUTE
    ../clib/microlib/init/entry.s            0x00000000   Number         0  entry12a.o ABSOLUTE
    ../clib/microlib/init/entry.s            0x00000000   Number         0  entry5.o ABSOLUTE
    ../clib/microlib/init/entry.s            0x00000000   Number         0  entry7a.o ABSOLUTE
    ../clib/microlib/init/entry.s            0x00000000   Number         0  entry11a.o ABSOLUTE
    ../clib/microlib/init/entry.s            0x00000000   Number         0  entry8b.o ABSOLUTE
    ../clib/microlib/init/entry.s            0x00000000   Number         0  entry7b.o ABSOLUTE
    ../clib/microlib/init/entry.s            0x00000000   Number         0  entry8a.o ABSOLUTE
    ../clib/microlib/init/entry.s            0x00000000   Number         0  entry2.o ABSOLUTE
    ../clib/microlib/init/entry.s            0x00000000   Number         0  entry.o ABSOLUTE
    ../clib/microlib/init/entry.s            0x00000000   Number         0  entry9a.o ABSOLUTE
    ../clib/microlib/init/entry.s            0x00000000   Number         0  entry10b.o ABSOLUTE
    ../clib/microlib/init/entry.s            0x00000000   Number         0  entry11b.o ABSOLUTE
    ../clib/microlib/init/entry.s            0x00000000   Number         0  entry9b.o ABSOLUTE
    ../clib/microlib/longlong.c              0x00000000   Number         0  llsshr.o ABSOLUTE
    ../clib/microlib/longlong.c              0x00000000   Number         0  llushr.o ABSOLUTE
    ../clib/microlib/longlong.c              0x00000000   Number         0  llshl.o ABSOLUTE
    ../clib/microlib/printf/printf.c         0x00000000   Number         0  printfb.o ABSOLUTE
    ../clib/microlib/printf/printf.c         0x00000000   Number         0  printf3.o ABSOLUTE
    ../clib/microlib/printf/printf.c         0x00000000   Number         0  printf1.o ABSOLUTE
    ../clib/microlib/printf/printf.c         0x00000000   Number         0  printf2.o ABSOLUTE
    ../clib/microlib/printf/printf.c         0x00000000   Number         0  printf4.o ABSOLUTE
    ../clib/microlib/printf/printf.c         0x00000000   Number         0  printf5.o ABSOLUTE
    ../clib/microlib/printf/printf.c         0x00000000   Number         0  printf0.o ABSOLUTE
    ../clib/microlib/printf/printf.c         0x00000000   Number         0  printf6.o ABSOLUTE
    ../clib/microlib/printf/printf.c         0x00000000   Number         0  printf8.o ABSOLUTE
    ../clib/microlib/printf/printf.c         0x00000000   Number         0  printfa.o ABSOLUTE
    ../clib/microlib/printf/printf.c         0x00000000   Number         0  printf7.o ABSOLUTE
    ../clib/microlib/stdio/streams.c         0x00000000   Number         0  stdout.o ABSOLUTE
    ../clib/microlib/string/memcpy.c         0x00000000   Number         0  memcpyb.o ABSOLUTE
    ../clib/microlib/string/memcpy.c         0x00000000   Number         0  memcpya.o ABSOLUTE
    ../clib/microlib/string/memset.c         0x00000000   Number         0  memseta.o ABSOLUTE
    ../clib/microlib/string/memset.c         0x00000000   Number         0  memset.o ABSOLUTE
    ../clib/microlib/stubs.s                 0x00000000   Number         0  iusefp.o ABSOLUTE
    ../fplib/microlib/fpadd.c                0x00000000   Number         0  dadd.o ABSOLUTE
    ../fplib/microlib/fpdiv.c                0x00000000   Number         0  ddiv.o ABSOLUTE
    ../fplib/microlib/fpepilogue.c           0x00000000   Number         0  depilogue.o ABSOLUTE
    ../fplib/microlib/fpfix.c                0x00000000   Number         0  dfixul.o ABSOLUTE
    ../fplib/microlib/fpmul.c                0x00000000   Number         0  dmul.o ABSOLUTE
    ..\..\FreeRTOS\include\croutine.c        0x00000000   Number         0  croutine.o ABSOLUTE
    ..\..\FreeRTOS\include\event_groups.c    0x00000000   Number         0  event_groups.o ABSOLUTE
    ..\..\FreeRTOS\include\list.c            0x00000000   Number         0  list.o ABSOLUTE
    ..\..\FreeRTOS\include\queue.c           0x00000000   Number         0  queue.o ABSOLUTE
    ..\..\FreeRTOS\include\stream_buffer.c   0x00000000   Number         0  stream_buffer.o ABSOLUTE
    ..\..\FreeRTOS\include\tasks.c           0x00000000   Number         0  tasks.o ABSOLUTE
    ..\..\FreeRTOS\include\timers.c          0x00000000   Number         0  timers.o ABSOLUTE
    ..\..\FreeRTOS\port\MemMang\heap_4.c     0x00000000   Number         0  heap_4.o ABSOLUTE
    ..\..\FreeRTOS\port\port.c               0x00000000   Number         0  port.o ABSOLUTE
    ..\..\Hardware\DHT11.c                   0x00000000   Number         0  dht11.o ABSOLUTE
    ..\..\Hardware\DS1302.c                  0x00000000   Number         0  ds1302.o ABSOLUTE
    ..\..\Hardware\Delay.c                   0x00000000   Number         0  delay.o ABSOLUTE
    ..\..\Hardware\HC_SR04.c                 0x00000000   Number         0  hc_sr04.o ABSOLUTE
    ..\..\Hardware\LD3320.c                  0x00000000   Number         0  ld3320.o ABSOLUTE
    ..\..\Hardware\Serial.c                  0x00000000   Number         0  serial.o ABSOLUTE
    ..\..\Hardware\TIM.c                     0x00000000   Number         0  tim.o ABSOLUTE
    ..\..\Hardware\beep.c                    0x00000000   Number         0  beep.o ABSOLUTE
    ..\..\Hardware\myiic.c                   0x00000000   Number         0  myiic.o ABSOLUTE
    ..\..\Libraries\CMSIS\Device\ST\STM32F4xx\Source\Templates\arm\startup_stm32f40xx.s 0x00000000   Number         0  startup_stm32f40xx.o ABSOLUTE
    ..\..\Libraries\CMSIS\Device\ST\STM32F4xx\Source\Templates\system_stm32f4xx.c 0x00000000   Number         0  system_stm32f4xx.o ABSOLUTE
    ..\..\Libraries\STM32F4xx_StdPeriph_Driver\src\misc.c 0x00000000   Number         0  misc.o ABSOLUTE
    ..\..\Libraries\STM32F4xx_StdPeriph_Driver\src\stm32f4xx_adc.c 0x00000000   Number         0  stm32f4xx_adc.o ABSOLUTE
    ..\..\Libraries\STM32F4xx_StdPeriph_Driver\src\stm32f4xx_can.c 0x00000000   Number         0  stm32f4xx_can.o ABSOLUTE
    ..\..\Libraries\STM32F4xx_StdPeriph_Driver\src\stm32f4xx_cec.c 0x00000000   Number         0  stm32f4xx_cec.o ABSOLUTE
    ..\..\Libraries\STM32F4xx_StdPeriph_Driver\src\stm32f4xx_crc.c 0x00000000   Number         0  stm32f4xx_crc.o ABSOLUTE
    ..\..\Libraries\STM32F4xx_StdPeriph_Driver\src\stm32f4xx_cryp.c 0x00000000   Number         0  stm32f4xx_cryp.o ABSOLUTE
    ..\..\Libraries\STM32F4xx_StdPeriph_Driver\src\stm32f4xx_cryp_aes.c 0x00000000   Number         0  stm32f4xx_cryp_aes.o ABSOLUTE
    ..\..\Libraries\STM32F4xx_StdPeriph_Driver\src\stm32f4xx_cryp_des.c 0x00000000   Number         0  stm32f4xx_cryp_des.o ABSOLUTE
    ..\..\Libraries\STM32F4xx_StdPeriph_Driver\src\stm32f4xx_cryp_tdes.c 0x00000000   Number         0  stm32f4xx_cryp_tdes.o ABSOLUTE
    ..\..\Libraries\STM32F4xx_StdPeriph_Driver\src\stm32f4xx_dac.c 0x00000000   Number         0  stm32f4xx_dac.o ABSOLUTE
    ..\..\Libraries\STM32F4xx_StdPeriph_Driver\src\stm32f4xx_dbgmcu.c 0x00000000   Number         0  stm32f4xx_dbgmcu.o ABSOLUTE
    ..\..\Libraries\STM32F4xx_StdPeriph_Driver\src\stm32f4xx_dcmi.c 0x00000000   Number         0  stm32f4xx_dcmi.o ABSOLUTE
    ..\..\Libraries\STM32F4xx_StdPeriph_Driver\src\stm32f4xx_dfsdm.c 0x00000000   Number         0  stm32f4xx_dfsdm.o ABSOLUTE
    ..\..\Libraries\STM32F4xx_StdPeriph_Driver\src\stm32f4xx_dma.c 0x00000000   Number         0  stm32f4xx_dma.o ABSOLUTE
    ..\..\Libraries\STM32F4xx_StdPeriph_Driver\src\stm32f4xx_dsi.c 0x00000000   Number         0  stm32f4xx_dsi.o ABSOLUTE
    ..\..\Libraries\STM32F4xx_StdPeriph_Driver\src\stm32f4xx_exti.c 0x00000000   Number         0  stm32f4xx_exti.o ABSOLUTE
    ..\..\Libraries\STM32F4xx_StdPeriph_Driver\src\stm32f4xx_flash.c 0x00000000   Number         0  stm32f4xx_flash.o ABSOLUTE
    ..\..\Libraries\STM32F4xx_StdPeriph_Driver\src\stm32f4xx_flash_ramfunc.c 0x00000000   Number         0  stm32f4xx_flash_ramfunc.o ABSOLUTE
    ..\..\Libraries\STM32F4xx_StdPeriph_Driver\src\stm32f4xx_fmpi2c.c 0x00000000   Number         0  stm32f4xx_fmpi2c.o ABSOLUTE
    ..\..\Libraries\STM32F4xx_StdPeriph_Driver\src\stm32f4xx_fsmc.c 0x00000000   Number         0  stm32f4xx_fsmc.o ABSOLUTE
    ..\..\Libraries\STM32F4xx_StdPeriph_Driver\src\stm32f4xx_gpio.c 0x00000000   Number         0  stm32f4xx_gpio.o ABSOLUTE
    ..\..\Libraries\STM32F4xx_StdPeriph_Driver\src\stm32f4xx_hash.c 0x00000000   Number         0  stm32f4xx_hash.o ABSOLUTE
    ..\..\Libraries\STM32F4xx_StdPeriph_Driver\src\stm32f4xx_hash_md5.c 0x00000000   Number         0  stm32f4xx_hash_md5.o ABSOLUTE
    ..\..\Libraries\STM32F4xx_StdPeriph_Driver\src\stm32f4xx_hash_sha1.c 0x00000000   Number         0  stm32f4xx_hash_sha1.o ABSOLUTE
    ..\..\Libraries\STM32F4xx_StdPeriph_Driver\src\stm32f4xx_i2c.c 0x00000000   Number         0  stm32f4xx_i2c.o ABSOLUTE
    ..\..\Libraries\STM32F4xx_StdPeriph_Driver\src\stm32f4xx_iwdg.c 0x00000000   Number         0  stm32f4xx_iwdg.o ABSOLUTE
    ..\..\Libraries\STM32F4xx_StdPeriph_Driver\src\stm32f4xx_lptim.c 0x00000000   Number         0  stm32f4xx_lptim.o ABSOLUTE
    ..\..\Libraries\STM32F4xx_StdPeriph_Driver\src\stm32f4xx_pwr.c 0x00000000   Number         0  stm32f4xx_pwr.o ABSOLUTE
    ..\..\Libraries\STM32F4xx_StdPeriph_Driver\src\stm32f4xx_qspi.c 0x00000000   Number         0  stm32f4xx_qspi.o ABSOLUTE
    ..\..\Libraries\STM32F4xx_StdPeriph_Driver\src\stm32f4xx_rcc.c 0x00000000   Number         0  stm32f4xx_rcc.o ABSOLUTE
    ..\..\Libraries\STM32F4xx_StdPeriph_Driver\src\stm32f4xx_rng.c 0x00000000   Number         0  stm32f4xx_rng.o ABSOLUTE
    ..\..\Libraries\STM32F4xx_StdPeriph_Driver\src\stm32f4xx_rtc.c 0x00000000   Number         0  stm32f4xx_rtc.o ABSOLUTE
    ..\..\Libraries\STM32F4xx_StdPeriph_Driver\src\stm32f4xx_sai.c 0x00000000   Number         0  stm32f4xx_sai.o ABSOLUTE
    ..\..\Libraries\STM32F4xx_StdPeriph_Driver\src\stm32f4xx_sdio.c 0x00000000   Number         0  stm32f4xx_sdio.o ABSOLUTE
    ..\..\Libraries\STM32F4xx_StdPeriph_Driver\src\stm32f4xx_spdifrx.c 0x00000000   Number         0  stm32f4xx_spdifrx.o ABSOLUTE
    ..\..\Libraries\STM32F4xx_StdPeriph_Driver\src\stm32f4xx_spi.c 0x00000000   Number         0  stm32f4xx_spi.o ABSOLUTE
    ..\..\Libraries\STM32F4xx_StdPeriph_Driver\src\stm32f4xx_syscfg.c 0x00000000   Number         0  stm32f4xx_syscfg.o ABSOLUTE
    ..\..\Libraries\STM32F4xx_StdPeriph_Driver\src\stm32f4xx_tim.c 0x00000000   Number         0  stm32f4xx_tim.o ABSOLUTE
    ..\..\Libraries\STM32F4xx_StdPeriph_Driver\src\stm32f4xx_usart.c 0x00000000   Number         0  stm32f4xx_usart.o ABSOLUTE
    ..\..\Libraries\STM32F4xx_StdPeriph_Driver\src\stm32f4xx_wwdg.c 0x00000000   Number         0  stm32f4xx_wwdg.o ABSOLUTE
    ..\..\User\main.c                        0x00000000   Number         0  main.o ABSOLUTE
    ..\..\User\stm32f4xx_it.c                0x00000000   Number         0  stm32f4xx_it.o ABSOLUTE
    ..\\..\\FreeRTOS\\port\\port.c           0x00000000   Number         0  port.o ABSOLUTE
    ..\\..\\Hardware\\DHT11.c                0x00000000   Number         0  dht11.o ABSOLUTE
    ..\\..\\Hardware\\DS1302.c               0x00000000   Number         0  ds1302.o ABSOLUTE
    ..\\..\\Hardware\\Delay.c                0x00000000   Number         0  delay.o ABSOLUTE
    ..\\..\\Hardware\\HC_SR04.c              0x00000000   Number         0  hc_sr04.o ABSOLUTE
    ..\\..\\Hardware\\LD3320.c               0x00000000   Number         0  ld3320.o ABSOLUTE
    ..\\..\\Hardware\\Serial.c               0x00000000   Number         0  serial.o ABSOLUTE
    ..\\..\\Hardware\\TIM.c                  0x00000000   Number         0  tim.o ABSOLUTE
    ..\\..\\Hardware\\beep.c                 0x00000000   Number         0  beep.o ABSOLUTE
    ..\\..\\Hardware\\myiic.c                0x00000000   Number         0  myiic.o ABSOLUTE
    ..\\..\\Libraries\\CMSIS\\Device\\ST\\STM32F4xx\\Source\\Templates\\system_stm32f4xx.c 0x00000000   Number         0  system_stm32f4xx.o ABSOLUTE
    ..\\..\\Libraries\\STM32F4xx_StdPeriph_Driver\\src\\misc.c 0x00000000   Number         0  misc.o ABSOLUTE
    ..\\..\\Libraries\\STM32F4xx_StdPeriph_Driver\\src\\stm32f4xx_adc.c 0x00000000   Number         0  stm32f4xx_adc.o ABSOLUTE
    ..\\..\\Libraries\\STM32F4xx_StdPeriph_Driver\\src\\stm32f4xx_can.c 0x00000000   Number         0  stm32f4xx_can.o ABSOLUTE
    ..\\..\\Libraries\\STM32F4xx_StdPeriph_Driver\\src\\stm32f4xx_cec.c 0x00000000   Number         0  stm32f4xx_cec.o ABSOLUTE
    ..\\..\\Libraries\\STM32F4xx_StdPeriph_Driver\\src\\stm32f4xx_crc.c 0x00000000   Number         0  stm32f4xx_crc.o ABSOLUTE
    ..\\..\\Libraries\\STM32F4xx_StdPeriph_Driver\\src\\stm32f4xx_cryp.c 0x00000000   Number         0  stm32f4xx_cryp.o ABSOLUTE
    ..\\..\\Libraries\\STM32F4xx_StdPeriph_Driver\\src\\stm32f4xx_cryp_aes.c 0x00000000   Number         0  stm32f4xx_cryp_aes.o ABSOLUTE
    ..\\..\\Libraries\\STM32F4xx_StdPeriph_Driver\\src\\stm32f4xx_cryp_des.c 0x00000000   Number         0  stm32f4xx_cryp_des.o ABSOLUTE
    ..\\..\\Libraries\\STM32F4xx_StdPeriph_Driver\\src\\stm32f4xx_cryp_tdes.c 0x00000000   Number         0  stm32f4xx_cryp_tdes.o ABSOLUTE
    ..\\..\\Libraries\\STM32F4xx_StdPeriph_Driver\\src\\stm32f4xx_dac.c 0x00000000   Number         0  stm32f4xx_dac.o ABSOLUTE
    ..\\..\\Libraries\\STM32F4xx_StdPeriph_Driver\\src\\stm32f4xx_dbgmcu.c 0x00000000   Number         0  stm32f4xx_dbgmcu.o ABSOLUTE
    ..\\..\\Libraries\\STM32F4xx_StdPeriph_Driver\\src\\stm32f4xx_dcmi.c 0x00000000   Number         0  stm32f4xx_dcmi.o ABSOLUTE
    ..\\..\\Libraries\\STM32F4xx_StdPeriph_Driver\\src\\stm32f4xx_dfsdm.c 0x00000000   Number         0  stm32f4xx_dfsdm.o ABSOLUTE
    ..\\..\\Libraries\\STM32F4xx_StdPeriph_Driver\\src\\stm32f4xx_dma.c 0x00000000   Number         0  stm32f4xx_dma.o ABSOLUTE
    ..\\..\\Libraries\\STM32F4xx_StdPeriph_Driver\\src\\stm32f4xx_dsi.c 0x00000000   Number         0  stm32f4xx_dsi.o ABSOLUTE
    ..\\..\\Libraries\\STM32F4xx_StdPeriph_Driver\\src\\stm32f4xx_exti.c 0x00000000   Number         0  stm32f4xx_exti.o ABSOLUTE
    ..\\..\\Libraries\\STM32F4xx_StdPeriph_Driver\\src\\stm32f4xx_flash.c 0x00000000   Number         0  stm32f4xx_flash.o ABSOLUTE
    ..\\..\\Libraries\\STM32F4xx_StdPeriph_Driver\\src\\stm32f4xx_flash_ramfunc.c 0x00000000   Number         0  stm32f4xx_flash_ramfunc.o ABSOLUTE
    ..\\..\\Libraries\\STM32F4xx_StdPeriph_Driver\\src\\stm32f4xx_fmpi2c.c 0x00000000   Number         0  stm32f4xx_fmpi2c.o ABSOLUTE
    ..\\..\\Libraries\\STM32F4xx_StdPeriph_Driver\\src\\stm32f4xx_fsmc.c 0x00000000   Number         0  stm32f4xx_fsmc.o ABSOLUTE
    ..\\..\\Libraries\\STM32F4xx_StdPeriph_Driver\\src\\stm32f4xx_gpio.c 0x00000000   Number         0  stm32f4xx_gpio.o ABSOLUTE
    ..\\..\\Libraries\\STM32F4xx_StdPeriph_Driver\\src\\stm32f4xx_hash.c 0x00000000   Number         0  stm32f4xx_hash.o ABSOLUTE
    ..\\..\\Libraries\\STM32F4xx_StdPeriph_Driver\\src\\stm32f4xx_hash_md5.c 0x00000000   Number         0  stm32f4xx_hash_md5.o ABSOLUTE
    ..\\..\\Libraries\\STM32F4xx_StdPeriph_Driver\\src\\stm32f4xx_hash_sha1.c 0x00000000   Number         0  stm32f4xx_hash_sha1.o ABSOLUTE
    ..\\..\\Libraries\\STM32F4xx_StdPeriph_Driver\\src\\stm32f4xx_i2c.c 0x00000000   Number         0  stm32f4xx_i2c.o ABSOLUTE
    ..\\..\\Libraries\\STM32F4xx_StdPeriph_Driver\\src\\stm32f4xx_iwdg.c 0x00000000   Number         0  stm32f4xx_iwdg.o ABSOLUTE
    ..\\..\\Libraries\\STM32F4xx_StdPeriph_Driver\\src\\stm32f4xx_lptim.c 0x00000000   Number         0  stm32f4xx_lptim.o ABSOLUTE
    ..\\..\\Libraries\\STM32F4xx_StdPeriph_Driver\\src\\stm32f4xx_pwr.c 0x00000000   Number         0  stm32f4xx_pwr.o ABSOLUTE
    ..\\..\\Libraries\\STM32F4xx_StdPeriph_Driver\\src\\stm32f4xx_qspi.c 0x00000000   Number         0  stm32f4xx_qspi.o ABSOLUTE
    ..\\..\\Libraries\\STM32F4xx_StdPeriph_Driver\\src\\stm32f4xx_rcc.c 0x00000000   Number         0  stm32f4xx_rcc.o ABSOLUTE
    ..\\..\\Libraries\\STM32F4xx_StdPeriph_Driver\\src\\stm32f4xx_rng.c 0x00000000   Number         0  stm32f4xx_rng.o ABSOLUTE
    ..\\..\\Libraries\\STM32F4xx_StdPeriph_Driver\\src\\stm32f4xx_rtc.c 0x00000000   Number         0  stm32f4xx_rtc.o ABSOLUTE
    ..\\..\\Libraries\\STM32F4xx_StdPeriph_Driver\\src\\stm32f4xx_sai.c 0x00000000   Number         0  stm32f4xx_sai.o ABSOLUTE
    ..\\..\\Libraries\\STM32F4xx_StdPeriph_Driver\\src\\stm32f4xx_sdio.c 0x00000000   Number         0  stm32f4xx_sdio.o ABSOLUTE
    ..\\..\\Libraries\\STM32F4xx_StdPeriph_Driver\\src\\stm32f4xx_spdifrx.c 0x00000000   Number         0  stm32f4xx_spdifrx.o ABSOLUTE
    ..\\..\\Libraries\\STM32F4xx_StdPeriph_Driver\\src\\stm32f4xx_spi.c 0x00000000   Number         0  stm32f4xx_spi.o ABSOLUTE
    ..\\..\\Libraries\\STM32F4xx_StdPeriph_Driver\\src\\stm32f4xx_syscfg.c 0x00000000   Number         0  stm32f4xx_syscfg.o ABSOLUTE
    ..\\..\\Libraries\\STM32F4xx_StdPeriph_Driver\\src\\stm32f4xx_tim.c 0x00000000   Number         0  stm32f4xx_tim.o ABSOLUTE
    ..\\..\\Libraries\\STM32F4xx_StdPeriph_Driver\\src\\stm32f4xx_usart.c 0x00000000   Number         0  stm32f4xx_usart.o ABSOLUTE
    ..\\..\\Libraries\\STM32F4xx_StdPeriph_Driver\\src\\stm32f4xx_wwdg.c 0x00000000   Number         0  stm32f4xx_wwdg.o ABSOLUTE
    ..\\..\\User\\main.c                     0x00000000   Number         0  main.o ABSOLUTE
    ..\\..\\User\\stm32f4xx_it.c             0x00000000   Number         0  stm32f4xx_it.o ABSOLUTE
    cdrcmple.s                               0x00000000   Number         0  cdrcmple.o ABSOLUTE
    dc.s                                     0x00000000   Number         0  dc.o ABSOLUTE
    handlers.s                               0x00000000   Number         0  handlers.o ABSOLUTE
    init.s                                   0x00000000   Number         0  init.o ABSOLUTE
    RESET                                    0x08000000   Section      392  startup_stm32f40xx.o(RESET)
    .ARM.Collect$$$$00000000                 0x08000188   Section        0  entry.o(.ARM.Collect$$$$00000000)
    .ARM.Collect$$$$00000001                 0x08000188   Section        4  entry2.o(.ARM.Collect$$$$00000001)
    .ARM.Collect$$$$00000004                 0x0800018c   Section        4  entry5.o(.ARM.Collect$$$$00000004)
    .ARM.Collect$$$$00000008                 0x08000190   Section        0  entry7b.o(.ARM.Collect$$$$00000008)
    .ARM.Collect$$$$0000000A                 0x08000190   Section        0  entry8b.o(.ARM.Collect$$$$0000000A)
    .ARM.Collect$$$$0000000B                 0x08000190   Section        8  entry9a.o(.ARM.Collect$$$$0000000B)
    .ARM.Collect$$$$0000000E                 0x08000198   Section        4  entry12b.o(.ARM.Collect$$$$0000000E)
    .ARM.Collect$$$$0000000F                 0x0800019c   Section        0  entry10a.o(.ARM.Collect$$$$0000000F)
    .ARM.Collect$$$$00000011                 0x0800019c   Section        0  entry11a.o(.ARM.Collect$$$$00000011)
    .ARM.Collect$$$$00002712                 0x0800019c   Section        4  entry2.o(.ARM.Collect$$$$00002712)
    __lit__00000000                          0x0800019c   Data           4  entry2.o(.ARM.Collect$$$$00002712)
    .text                                    0x080001a0   Section       36  startup_stm32f40xx.o(.text)
    $v0                                      0x080001a0   Number         0  startup_stm32f40xx.o(.text)
    .text                                    0x080001c4   Section        0  memcpya.o(.text)
    .text                                    0x080001e8   Section        0  memseta.o(.text)
    .text                                    0x0800020c   Section        0  uidiv.o(.text)
    .text                                    0x08000238   Section        0  uldiv.o(.text)
    .text                                    0x0800029a   Section        0  iusefp.o(.text)
    .text                                    0x0800029a   Section        0  dadd.o(.text)
    .text                                    0x080003e8   Section        0  dmul.o(.text)
    .text                                    0x080004cc   Section        0  ddiv.o(.text)
    .text                                    0x080005aa   Section        0  dfixul.o(.text)
    .text                                    0x080005dc   Section       48  cdrcmple.o(.text)
    .text                                    0x0800060c   Section       36  init.o(.text)
    .text                                    0x08000630   Section        0  llshl.o(.text)
    .text                                    0x0800064e   Section        0  llushr.o(.text)
    .text                                    0x0800066e   Section        0  llsshr.o(.text)
    .text                                    0x08000692   Section        0  depilogue.o(.text)
    i.BusFault_Handler                       0x0800074c   Section        0  stm32f4xx_it.o(i.BusFault_Handler)
    i.Data_In_Init                           0x08000750   Section        0  dht11.o(i.Data_In_Init)
    i.Data_Out_Init                          0x0800077c   Section        0  dht11.o(i.Data_Out_Init)
    i.DebugMon_Handler                       0x080007ac   Section        0  stm32f4xx_it.o(i.DebugMon_Handler)
    i.EXTI15_10_IRQHandler                   0x080007ae   Section        0  ld3320.o(i.EXTI15_10_IRQHandler)
    i.EXTI_ClearFlag                         0x080007d0   Section        0  stm32f4xx_exti.o(i.EXTI_ClearFlag)
    i.EXTI_ClearITPendingBit                 0x080007dc   Section        0  stm32f4xx_exti.o(i.EXTI_ClearITPendingBit)
    i.EXTI_GetITStatus                       0x080007e8   Section        0  stm32f4xx_exti.o(i.EXTI_GetITStatus)
    i.GPIO_Init                              0x08000800   Section        0  stm32f4xx_gpio.o(i.GPIO_Init)
    i.GPIO_PinAFConfig                       0x08000890   Section        0  stm32f4xx_gpio.o(i.GPIO_PinAFConfig)
    i.GPIO_ReadInputDataBit                  0x080008d6   Section        0  stm32f4xx_gpio.o(i.GPIO_ReadInputDataBit)
    i.GPIO_ResetBits                         0x080008e8   Section        0  stm32f4xx_gpio.o(i.GPIO_ResetBits)
    i.GPIO_SetBits                           0x080008ee   Section        0  stm32f4xx_gpio.o(i.GPIO_SetBits)
    i.HardFault_Handler                      0x080008f2   Section        0  stm32f4xx_it.o(i.HardFault_Handler)
    i.LD3320_delay                           0x080008f6   Section        0  ld3320.o(i.LD3320_delay)
    LD3320_delay                             0x080008f7   Thumb Code    42  ld3320.o(i.LD3320_delay)
    i.LD3320_main                            0x08000920   Section        0  main.o(i.LD3320_main)
    i.LD_AsrAddFixed                         0x080009a0   Section        0  ld3320.o(i.LD_AsrAddFixed)
    LD_AsrAddFixed                           0x080009a1   Thumb Code   198  ld3320.o(i.LD_AsrAddFixed)
    i.LD_AsrRun                              0x08000a70   Section        0  ld3320.o(i.LD_AsrRun)
    i.LD_AsrStart                            0x08000aea   Section        0  ld3320.o(i.LD_AsrStart)
    i.LD_Check_ASRBusyFlag_b2                0x08000af2   Section        0  ld3320.o(i.LD_Check_ASRBusyFlag_b2)
    i.LD_GetResult                           0x08000b1c   Section        0  ld3320.o(i.LD_GetResult)
    i.LD_Init_ASR                            0x08000b28   Section        0  ld3320.o(i.LD_Init_ASR)
    i.LD_Init_Common                         0x08000b98   Section        0  ld3320.o(i.LD_Init_Common)
    i.LD_ReadReg                             0x08000c64   Section        0  ld3320.o(i.LD_ReadReg)
    i.LD_WriteReg                            0x08000ca4   Section        0  ld3320.o(i.LD_WriteReg)
    i.LD_reset                               0x08000ce0   Section        0  ld3320.o(i.LD_reset)
    i.MemManage_Handler                      0x08000de0   Section        0  stm32f4xx_it.o(i.MemManage_Handler)
    i.NMI_Handler                            0x08000de4   Section        0  stm32f4xx_it.o(i.NMI_Handler)
    i.NVIC_Init                              0x08000de8   Section        0  misc.o(i.NVIC_Init)
    i.PendSV_Handler                         0x08000e60   Section        0  stm32f4xx_it.o(i.PendSV_Handler)
    i.ProcessInt                             0x08000e64   Section        0  ld3320.o(i.ProcessInt)
    i.RCC_AHB1PeriphClockCmd                 0x08000f18   Section        0  stm32f4xx_rcc.o(i.RCC_AHB1PeriphClockCmd)
    i.RCC_APB1PeriphClockCmd                 0x08000f38   Section        0  stm32f4xx_rcc.o(i.RCC_APB1PeriphClockCmd)
    i.RCC_APB2PeriphClockCmd                 0x08000f58   Section        0  stm32f4xx_rcc.o(i.RCC_APB2PeriphClockCmd)
    i.RCC_GetClocksFreq                      0x08000f78   Section        0  stm32f4xx_rcc.o(i.RCC_GetClocksFreq)
    i.RunASR                                 0x08001060   Section        0  ld3320.o(i.RunASR)
    i.SPI_I2S_GetFlagStatus                  0x080010b0   Section        0  stm32f4xx_spi.o(i.SPI_I2S_GetFlagStatus)
    i.SPI_I2S_ReceiveData                    0x080010c2   Section        0  stm32f4xx_spi.o(i.SPI_I2S_ReceiveData)
    i.SPI_I2S_SendData                       0x080010c8   Section        0  stm32f4xx_spi.o(i.SPI_I2S_SendData)
    i.SVC_Handler                            0x080010cc   Section        0  stm32f4xx_it.o(i.SVC_Handler)
    i.Serial_Init                            0x080010d0   Section        0  serial.o(i.Serial_Init)
    i.Serial_Printf                          0x08001240   Section        0  serial.o(i.Serial_Printf)
    i.Serial_SendByte                        0x08001264   Section        0  serial.o(i.Serial_SendByte)
    i.Serial_SendString                      0x08001284   Section        0  serial.o(i.Serial_SendString)
    i.SetSysClock                            0x0800129c   Section        0  system_stm32f4xx.o(i.SetSysClock)
    SetSysClock                              0x0800129d   Thumb Code   220  system_stm32f4xx.o(i.SetSysClock)
    i.SysTick_Handler                        0x08001388   Section        0  stm32f4xx_it.o(i.SysTick_Handler)
    i.SystemInit                             0x0800138c   Section        0  system_stm32f4xx.o(i.SystemInit)
    i.TIM2_IRQHandler                        0x080013f4   Section        0  main.o(i.TIM2_IRQHandler)
    i.TIM4_IRQHandler                        0x08001420   Section        0  hc_sr04.o(i.TIM4_IRQHandler)
    i.TIM_ClearITPendingBit                  0x08001448   Section        0  stm32f4xx_tim.o(i.TIM_ClearITPendingBit)
    i.TIM_GetITStatus                        0x0800144e   Section        0  stm32f4xx_tim.o(i.TIM_GetITStatus)
    i.USART2_IRQHandler                      0x08001470   Section        0  serial.o(i.USART2_IRQHandler)
    i.USART3_IRQHandler                      0x08001490   Section        0  serial.o(i.USART3_IRQHandler)
    i.USART_ClearITPendingBit                0x080014f0   Section        0  stm32f4xx_usart.o(i.USART_ClearITPendingBit)
    i.USART_Cmd                              0x0800150e   Section        0  stm32f4xx_usart.o(i.USART_Cmd)
    i.USART_GetFlagStatus                    0x08001526   Section        0  stm32f4xx_usart.o(i.USART_GetFlagStatus)
    i.USART_GetITStatus                      0x08001540   Section        0  stm32f4xx_usart.o(i.USART_GetITStatus)
    i.USART_ITConfig                         0x08001594   Section        0  stm32f4xx_usart.o(i.USART_ITConfig)
    i.USART_Init                             0x080015e0   Section        0  stm32f4xx_usart.o(i.USART_Init)
    i.USART_ReceiveData                      0x080016b4   Section        0  stm32f4xx_usart.o(i.USART_ReceiveData)
    i.USART_SendData                         0x080016be   Section        0  stm32f4xx_usart.o(i.USART_SendData)
    i.UsageFault_Handler                     0x080016c6   Section        0  stm32f4xx_it.o(i.UsageFault_Handler)
    i.__0printf                              0x080016cc   Section        0  printfa.o(i.__0printf)
    i.__0vsprintf                            0x080016ec   Section        0  printfa.o(i.__0vsprintf)
    i.__scatterload_copy                     0x08001710   Section       14  handlers.o(i.__scatterload_copy)
    i.__scatterload_null                     0x0800171e   Section        2  handlers.o(i.__scatterload_null)
    i.__scatterload_zeroinit                 0x08001720   Section       14  handlers.o(i.__scatterload_zeroinit)
    i._fp_digits                             0x08001730   Section        0  printfa.o(i._fp_digits)
    _fp_digits                               0x08001731   Thumb Code   366  printfa.o(i._fp_digits)
    i._printf_core                           0x080018b4   Section        0  printfa.o(i._printf_core)
    _printf_core                             0x080018b5   Thumb Code  1704  printfa.o(i._printf_core)
    i._printf_post_padding                   0x08001f68   Section        0  printfa.o(i._printf_post_padding)
    _printf_post_padding                     0x08001f69   Thumb Code    36  printfa.o(i._printf_post_padding)
    i._printf_pre_padding                    0x08001f8c   Section        0  printfa.o(i._printf_pre_padding)
    _printf_pre_padding                      0x08001f8d   Thumb Code    46  printfa.o(i._printf_pre_padding)
    i._sputc                                 0x08001fba   Section        0  printfa.o(i._sputc)
    _sputc                                   0x08001fbb   Thumb Code    10  printfa.o(i._sputc)
    i.delay_ms                               0x08001fc4   Section        0  delay.o(i.delay_ms)
    i.delay_us                               0x08001fdc   Section        0  delay.o(i.delay_us)
    i.fputc                                  0x0800200a   Section        0  serial.o(i.fputc)
    i.main                                   0x0800201a   Section        0  main.o(i.main)
    i.spi_send_byte                          0x08002030   Section        0  ld3320.o(i.spi_send_byte)
    i.tDHT11_rec_byte                        0x08002068   Section        0  dht11.o(i.tDHT11_rec_byte)
    i.tDHT11_rec_data                        0x080020bc   Section        0  dht11.o(i.tDHT11_rec_data)
    i.tDHT11_start                           0x08002154   Section        0  dht11.o(i.tDHT11_start)
    .constdata                               0x0800219c   Section      720  ld3320.o(.constdata)
    .data                                    0x20000000   Section       16  stm32f4xx_rcc.o(.data)
    APBAHBPrescTable                         0x20000000   Data          16  stm32f4xx_rcc.o(.data)
    .data                                    0x20000010   Section        4  dht11.o(.data)
    .data                                    0x20000014   Section        2  hc_sr04.o(.data)
    .data                                    0x20000016   Section        2  ld3320.o(.data)
    .data                                    0x20000018   Section        3  main.o(.data)
    .data                                    0x2000001c   Section        4  stdout.o(.data)
    STACK                                    0x20000020   Section     1024  startup_stm32f40xx.o(STACK)

    Global Symbols

    Symbol Name                              Value     Ov Type        Size  Object(Section)

    BuildAttributes$$THM_ISAv4$E$P$D$K$B$S$7EM$VFPi3$EXTD16$VFPS$VFMA$PE$A:L22UL41UL21$X:L11$S22US41US21$IEEE1$IW$USESV6$~STKCKD$USESV7$~SHL$OSPACE$ROPI$EBA8$MICROLIB$REQ8$PRES8$EABIv2 0x00000000   Number         0  anon$$obj.o ABSOLUTE
    __ARM_use_no_argv                        0x00000000   Number         0  main.o ABSOLUTE
    __arm_fini_                               - Undefined Weak Reference
    __cpp_initialize__aeabi_                  - Undefined Weak Reference
    __cxa_finalize                            - Undefined Weak Reference
    __decompress                              - Undefined Weak Reference
    _clock_init                               - Undefined Weak Reference
    _microlib_exit                            - Undefined Weak Reference
    __Vectors_Size                           0x00000188   Number         0  startup_stm32f40xx.o ABSOLUTE
    __Vectors                                0x08000000   Data           4  startup_stm32f40xx.o(RESET)
    __Vectors_End                            0x08000188   Data           0  startup_stm32f40xx.o(RESET)
    __main                                   0x08000189   Thumb Code     0  entry.o(.ARM.Collect$$$$00000000)
    _main_stk                                0x08000189   Thumb Code     0  entry2.o(.ARM.Collect$$$$00000001)
    _main_scatterload                        0x0800018d   Thumb Code     0  entry5.o(.ARM.Collect$$$$00000004)
    __main_after_scatterload                 0x08000191   Thumb Code     0  entry5.o(.ARM.Collect$$$$00000004)
    _main_clock                              0x08000191   Thumb Code     0  entry7b.o(.ARM.Collect$$$$00000008)
    _main_cpp_init                           0x08000191   Thumb Code     0  entry8b.o(.ARM.Collect$$$$0000000A)
    _main_init                               0x08000191   Thumb Code     0  entry9a.o(.ARM.Collect$$$$0000000B)
    __rt_lib_shutdown_fini                   0x08000199   Thumb Code     0  entry12b.o(.ARM.Collect$$$$0000000E)
    __rt_final_cpp                           0x0800019d   Thumb Code     0  entry10a.o(.ARM.Collect$$$$0000000F)
    __rt_final_exit                          0x0800019d   Thumb Code     0  entry11a.o(.ARM.Collect$$$$00000011)
    Reset_Handler                            0x080001a1   Thumb Code     8  startup_stm32f40xx.o(.text)
    ADC_IRQHandler                           0x080001bb   Thumb Code     0  startup_stm32f40xx.o(.text)
    CAN1_RX0_IRQHandler                      0x080001bb   Thumb Code     0  startup_stm32f40xx.o(.text)
    CAN1_RX1_IRQHandler                      0x080001bb   Thumb Code     0  startup_stm32f40xx.o(.text)
    CAN1_SCE_IRQHandler                      0x080001bb   Thumb Code     0  startup_stm32f40xx.o(.text)
    CAN1_TX_IRQHandler                       0x080001bb   Thumb Code     0  startup_stm32f40xx.o(.text)
    CAN2_RX0_IRQHandler                      0x080001bb   Thumb Code     0  startup_stm32f40xx.o(.text)
    CAN2_RX1_IRQHandler                      0x080001bb   Thumb Code     0  startup_stm32f40xx.o(.text)
    CAN2_SCE_IRQHandler                      0x080001bb   Thumb Code     0  startup_stm32f40xx.o(.text)
    CAN2_TX_IRQHandler                       0x080001bb   Thumb Code     0  startup_stm32f40xx.o(.text)
    CRYP_IRQHandler                          0x080001bb   Thumb Code     0  startup_stm32f40xx.o(.text)
    DCMI_IRQHandler                          0x080001bb   Thumb Code     0  startup_stm32f40xx.o(.text)
    DMA1_Stream0_IRQHandler                  0x080001bb   Thumb Code     0  startup_stm32f40xx.o(.text)
    DMA1_Stream1_IRQHandler                  0x080001bb   Thumb Code     0  startup_stm32f40xx.o(.text)
    DMA1_Stream2_IRQHandler                  0x080001bb   Thumb Code     0  startup_stm32f40xx.o(.text)
    DMA1_Stream3_IRQHandler                  0x080001bb   Thumb Code     0  startup_stm32f40xx.o(.text)
    DMA1_Stream4_IRQHandler                  0x080001bb   Thumb Code     0  startup_stm32f40xx.o(.text)
    DMA1_Stream5_IRQHandler                  0x080001bb   Thumb Code     0  startup_stm32f40xx.o(.text)
    DMA1_Stream6_IRQHandler                  0x080001bb   Thumb Code     0  startup_stm32f40xx.o(.text)
    DMA1_Stream7_IRQHandler                  0x080001bb   Thumb Code     0  startup_stm32f40xx.o(.text)
    DMA2_Stream0_IRQHandler                  0x080001bb   Thumb Code     0  startup_stm32f40xx.o(.text)
    DMA2_Stream1_IRQHandler                  0x080001bb   Thumb Code     0  startup_stm32f40xx.o(.text)
    DMA2_Stream2_IRQHandler                  0x080001bb   Thumb Code     0  startup_stm32f40xx.o(.text)
    DMA2_Stream3_IRQHandler                  0x080001bb   Thumb Code     0  startup_stm32f40xx.o(.text)
    DMA2_Stream4_IRQHandler                  0x080001bb   Thumb Code     0  startup_stm32f40xx.o(.text)
    DMA2_Stream5_IRQHandler                  0x080001bb   Thumb Code     0  startup_stm32f40xx.o(.text)
    DMA2_Stream6_IRQHandler                  0x080001bb   Thumb Code     0  startup_stm32f40xx.o(.text)
    DMA2_Stream7_IRQHandler                  0x080001bb   Thumb Code     0  startup_stm32f40xx.o(.text)
    ETH_IRQHandler                           0x080001bb   Thumb Code     0  startup_stm32f40xx.o(.text)
    ETH_WKUP_IRQHandler                      0x080001bb   Thumb Code     0  startup_stm32f40xx.o(.text)
    EXTI0_IRQHandler                         0x080001bb   Thumb Code     0  startup_stm32f40xx.o(.text)
    EXTI1_IRQHandler                         0x080001bb   Thumb Code     0  startup_stm32f40xx.o(.text)
    EXTI2_IRQHandler                         0x080001bb   Thumb Code     0  startup_stm32f40xx.o(.text)
    EXTI3_IRQHandler                         0x080001bb   Thumb Code     0  startup_stm32f40xx.o(.text)
    EXTI4_IRQHandler                         0x080001bb   Thumb Code     0  startup_stm32f40xx.o(.text)
    EXTI9_5_IRQHandler                       0x080001bb   Thumb Code     0  startup_stm32f40xx.o(.text)
    FLASH_IRQHandler                         0x080001bb   Thumb Code     0  startup_stm32f40xx.o(.text)
    FPU_IRQHandler                           0x080001bb   Thumb Code     0  startup_stm32f40xx.o(.text)
    FSMC_IRQHandler                          0x080001bb   Thumb Code     0  startup_stm32f40xx.o(.text)
    HASH_RNG_IRQHandler                      0x080001bb   Thumb Code     0  startup_stm32f40xx.o(.text)
    I2C1_ER_IRQHandler                       0x080001bb   Thumb Code     0  startup_stm32f40xx.o(.text)
    I2C1_EV_IRQHandler                       0x080001bb   Thumb Code     0  startup_stm32f40xx.o(.text)
    I2C2_ER_IRQHandler                       0x080001bb   Thumb Code     0  startup_stm32f40xx.o(.text)
    I2C2_EV_IRQHandler                       0x080001bb   Thumb Code     0  startup_stm32f40xx.o(.text)
    I2C3_ER_IRQHandler                       0x080001bb   Thumb Code     0  startup_stm32f40xx.o(.text)
    I2C3_EV_IRQHandler                       0x080001bb   Thumb Code     0  startup_stm32f40xx.o(.text)
    OTG_FS_IRQHandler                        0x080001bb   Thumb Code     0  startup_stm32f40xx.o(.text)
    OTG_FS_WKUP_IRQHandler                   0x080001bb   Thumb Code     0  startup_stm32f40xx.o(.text)
    OTG_HS_EP1_IN_IRQHandler                 0x080001bb   Thumb Code     0  startup_stm32f40xx.o(.text)
    OTG_HS_EP1_OUT_IRQHandler                0x080001bb   Thumb Code     0  startup_stm32f40xx.o(.text)
    OTG_HS_IRQHandler                        0x080001bb   Thumb Code     0  startup_stm32f40xx.o(.text)
    OTG_HS_WKUP_IRQHandler                   0x080001bb   Thumb Code     0  startup_stm32f40xx.o(.text)
    PVD_IRQHandler                           0x080001bb   Thumb Code     0  startup_stm32f40xx.o(.text)
    RCC_IRQHandler                           0x080001bb   Thumb Code     0  startup_stm32f40xx.o(.text)
    RTC_Alarm_IRQHandler                     0x080001bb   Thumb Code     0  startup_stm32f40xx.o(.text)
    RTC_WKUP_IRQHandler                      0x080001bb   Thumb Code     0  startup_stm32f40xx.o(.text)
    SDIO_IRQHandler                          0x080001bb   Thumb Code     0  startup_stm32f40xx.o(.text)
    SPI1_IRQHandler                          0x080001bb   Thumb Code     0  startup_stm32f40xx.o(.text)
    SPI2_IRQHandler                          0x080001bb   Thumb Code     0  startup_stm32f40xx.o(.text)
    SPI3_IRQHandler                          0x080001bb   Thumb Code     0  startup_stm32f40xx.o(.text)
    TAMP_STAMP_IRQHandler                    0x080001bb   Thumb Code     0  startup_stm32f40xx.o(.text)
    TIM1_BRK_TIM9_IRQHandler                 0x080001bb   Thumb Code     0  startup_stm32f40xx.o(.text)
    TIM1_CC_IRQHandler                       0x080001bb   Thumb Code     0  startup_stm32f40xx.o(.text)
    TIM1_TRG_COM_TIM11_IRQHandler            0x080001bb   Thumb Code     0  startup_stm32f40xx.o(.text)
    TIM1_UP_TIM10_IRQHandler                 0x080001bb   Thumb Code     0  startup_stm32f40xx.o(.text)
    TIM3_IRQHandler                          0x080001bb   Thumb Code     0  startup_stm32f40xx.o(.text)
    TIM5_IRQHandler                          0x080001bb   Thumb Code     0  startup_stm32f40xx.o(.text)
    TIM6_DAC_IRQHandler                      0x080001bb   Thumb Code     0  startup_stm32f40xx.o(.text)
    TIM7_IRQHandler                          0x080001bb   Thumb Code     0  startup_stm32f40xx.o(.text)
    TIM8_BRK_TIM12_IRQHandler                0x080001bb   Thumb Code     0  startup_stm32f40xx.o(.text)
    TIM8_CC_IRQHandler                       0x080001bb   Thumb Code     0  startup_stm32f40xx.o(.text)
    TIM8_TRG_COM_TIM14_IRQHandler            0x080001bb   Thumb Code     0  startup_stm32f40xx.o(.text)
    TIM8_UP_TIM13_IRQHandler                 0x080001bb   Thumb Code     0  startup_stm32f40xx.o(.text)
    UART4_IRQHandler                         0x080001bb   Thumb Code     0  startup_stm32f40xx.o(.text)
    UART5_IRQHandler                         0x080001bb   Thumb Code     0  startup_stm32f40xx.o(.text)
    USART1_IRQHandler                        0x080001bb   Thumb Code     0  startup_stm32f40xx.o(.text)
    USART6_IRQHandler                        0x080001bb   Thumb Code     0  startup_stm32f40xx.o(.text)
    WWDG_IRQHandler                          0x080001bb   Thumb Code     0  startup_stm32f40xx.o(.text)
    __aeabi_memcpy                           0x080001c5   Thumb Code    36  memcpya.o(.text)
    __aeabi_memcpy4                          0x080001c5   Thumb Code     0  memcpya.o(.text)
    __aeabi_memcpy8                          0x080001c5   Thumb Code     0  memcpya.o(.text)
    __aeabi_memset                           0x080001e9   Thumb Code    14  memseta.o(.text)
    __aeabi_memset4                          0x080001e9   Thumb Code     0  memseta.o(.text)
    __aeabi_memset8                          0x080001e9   Thumb Code     0  memseta.o(.text)
    __aeabi_memclr                           0x080001f7   Thumb Code     4  memseta.o(.text)
    __aeabi_memclr4                          0x080001f7   Thumb Code     0  memseta.o(.text)
    __aeabi_memclr8                          0x080001f7   Thumb Code     0  memseta.o(.text)
    memset                                   0x080001fb   Thumb Code    18  memseta.o(.text)
    __aeabi_uidiv                            0x0800020d   Thumb Code     0  uidiv.o(.text)
    __aeabi_uidivmod                         0x0800020d   Thumb Code    44  uidiv.o(.text)
    __aeabi_uldivmod                         0x08000239   Thumb Code    98  uldiv.o(.text)
    __I$use$fp                               0x0800029b   Thumb Code     0  iusefp.o(.text)
    __aeabi_dadd                             0x0800029b   Thumb Code   322  dadd.o(.text)
    __aeabi_dsub                             0x080003dd   Thumb Code     6  dadd.o(.text)
    __aeabi_drsub                            0x080003e3   Thumb Code     6  dadd.o(.text)
    __aeabi_dmul                             0x080003e9   Thumb Code   228  dmul.o(.text)
    __aeabi_ddiv                             0x080004cd   Thumb Code   222  ddiv.o(.text)
    __aeabi_d2ulz                            0x080005ab   Thumb Code    48  dfixul.o(.text)
    __aeabi_cdrcmple                         0x080005dd   Thumb Code    48  cdrcmple.o(.text)
    __scatterload                            0x0800060d   Thumb Code    28  init.o(.text)
    __scatterload_rt2                        0x0800060d   Thumb Code     0  init.o(.text)
    __aeabi_llsl                             0x08000631   Thumb Code    30  llshl.o(.text)
    _ll_shift_l                              0x08000631   Thumb Code     0  llshl.o(.text)
    __aeabi_llsr                             0x0800064f   Thumb Code    32  llushr.o(.text)
    _ll_ushift_r                             0x0800064f   Thumb Code     0  llushr.o(.text)
    __aeabi_lasr                             0x0800066f   Thumb Code    36  llsshr.o(.text)
    _ll_sshift_r                             0x0800066f   Thumb Code     0  llsshr.o(.text)
    _double_round                            0x08000693   Thumb Code    30  depilogue.o(.text)
    _double_epilogue                         0x080006b1   Thumb Code   156  depilogue.o(.text)
    BusFault_Handler                         0x0800074d   Thumb Code     4  stm32f4xx_it.o(i.BusFault_Handler)
    Data_In_Init                             0x08000751   Thumb Code    38  dht11.o(i.Data_In_Init)
    Data_Out_Init                            0x0800077d   Thumb Code    44  dht11.o(i.Data_Out_Init)
    DebugMon_Handler                         0x080007ad   Thumb Code     2  stm32f4xx_it.o(i.DebugMon_Handler)
    EXTI15_10_IRQHandler                     0x080007af   Thumb Code    34  ld3320.o(i.EXTI15_10_IRQHandler)
    EXTI_ClearFlag                           0x080007d1   Thumb Code     6  stm32f4xx_exti.o(i.EXTI_ClearFlag)
    EXTI_ClearITPendingBit                   0x080007dd   Thumb Code     6  stm32f4xx_exti.o(i.EXTI_ClearITPendingBit)
    EXTI_GetITStatus                         0x080007e9   Thumb Code    20  stm32f4xx_exti.o(i.EXTI_GetITStatus)
    GPIO_Init                                0x08000801   Thumb Code   144  stm32f4xx_gpio.o(i.GPIO_Init)
    GPIO_PinAFConfig                         0x08000891   Thumb Code    70  stm32f4xx_gpio.o(i.GPIO_PinAFConfig)
    GPIO_ReadInputDataBit                    0x080008d7   Thumb Code    18  stm32f4xx_gpio.o(i.GPIO_ReadInputDataBit)
    GPIO_ResetBits                           0x080008e9   Thumb Code     6  stm32f4xx_gpio.o(i.GPIO_ResetBits)
    GPIO_SetBits                             0x080008ef   Thumb Code     4  stm32f4xx_gpio.o(i.GPIO_SetBits)
    HardFault_Handler                        0x080008f3   Thumb Code     4  stm32f4xx_it.o(i.HardFault_Handler)
    LD3320_main                              0x08000921   Thumb Code   122  main.o(i.LD3320_main)
    LD_AsrRun                                0x08000a71   Thumb Code   122  ld3320.o(i.LD_AsrRun)
    LD_AsrStart                              0x08000aeb   Thumb Code     8  ld3320.o(i.LD_AsrStart)
    LD_Check_ASRBusyFlag_b2                  0x08000af3   Thumb Code    42  ld3320.o(i.LD_Check_ASRBusyFlag_b2)
    LD_GetResult                             0x08000b1d   Thumb Code    10  ld3320.o(i.LD_GetResult)
    LD_Init_ASR                              0x08000b29   Thumb Code   106  ld3320.o(i.LD_Init_ASR)
    LD_Init_Common                           0x08000b99   Thumb Code   200  ld3320.o(i.LD_Init_Common)
    LD_ReadReg                               0x08000c65   Thumb Code    54  ld3320.o(i.LD_ReadReg)
    LD_WriteReg                              0x08000ca5   Thumb Code    52  ld3320.o(i.LD_WriteReg)
    LD_reset                                 0x08000ce1   Thumb Code   248  ld3320.o(i.LD_reset)
    MemManage_Handler                        0x08000de1   Thumb Code     4  stm32f4xx_it.o(i.MemManage_Handler)
    NMI_Handler                              0x08000de5   Thumb Code     2  stm32f4xx_it.o(i.NMI_Handler)
    NVIC_Init                                0x08000de9   Thumb Code   106  misc.o(i.NVIC_Init)
    PendSV_Handler                           0x08000e61   Thumb Code     2  stm32f4xx_it.o(i.PendSV_Handler)
    ProcessInt                               0x08000e65   Thumb Code   172  ld3320.o(i.ProcessInt)
    RCC_AHB1PeriphClockCmd                   0x08000f19   Thumb Code    26  stm32f4xx_rcc.o(i.RCC_AHB1PeriphClockCmd)
    RCC_APB1PeriphClockCmd                   0x08000f39   Thumb Code    26  stm32f4xx_rcc.o(i.RCC_APB1PeriphClockCmd)
    RCC_APB2PeriphClockCmd                   0x08000f59   Thumb Code    26  stm32f4xx_rcc.o(i.RCC_APB2PeriphClockCmd)
    RCC_GetClocksFreq                        0x08000f79   Thumb Code   214  stm32f4xx_rcc.o(i.RCC_GetClocksFreq)
    RunASR                                   0x08001061   Thumb Code    80  ld3320.o(i.RunASR)
    SPI_I2S_GetFlagStatus                    0x080010b1   Thumb Code    18  stm32f4xx_spi.o(i.SPI_I2S_GetFlagStatus)
    SPI_I2S_ReceiveData                      0x080010c3   Thumb Code     6  stm32f4xx_spi.o(i.SPI_I2S_ReceiveData)
    SPI_I2S_SendData                         0x080010c9   Thumb Code     4  stm32f4xx_spi.o(i.SPI_I2S_SendData)
    SVC_Handler                              0x080010cd   Thumb Code     2  stm32f4xx_it.o(i.SVC_Handler)
    Serial_Init                              0x080010d1   Thumb Code   352  serial.o(i.Serial_Init)
    Serial_Printf                            0x08001241   Thumb Code    36  serial.o(i.Serial_Printf)
    Serial_SendByte                          0x08001265   Thumb Code    28  serial.o(i.Serial_SendByte)
    Serial_SendString                        0x08001285   Thumb Code    24  serial.o(i.Serial_SendString)
    SysTick_Handler                          0x08001389   Thumb Code     2  stm32f4xx_it.o(i.SysTick_Handler)
    SystemInit                               0x0800138d   Thumb Code    88  system_stm32f4xx.o(i.SystemInit)
    TIM2_IRQHandler                          0x080013f5   Thumb Code    32  main.o(i.TIM2_IRQHandler)
    TIM4_IRQHandler                          0x08001421   Thumb Code    32  hc_sr04.o(i.TIM4_IRQHandler)
    TIM_ClearITPendingBit                    0x08001449   Thumb Code     6  stm32f4xx_tim.o(i.TIM_ClearITPendingBit)
    TIM_GetITStatus                          0x0800144f   Thumb Code    34  stm32f4xx_tim.o(i.TIM_GetITStatus)
    USART2_IRQHandler                        0x08001471   Thumb Code    26  serial.o(i.USART2_IRQHandler)
    USART3_IRQHandler                        0x08001491   Thumb Code    64  serial.o(i.USART3_IRQHandler)
    USART_ClearITPendingBit                  0x080014f1   Thumb Code    30  stm32f4xx_usart.o(i.USART_ClearITPendingBit)
    USART_Cmd                                0x0800150f   Thumb Code    24  stm32f4xx_usart.o(i.USART_Cmd)
    USART_GetFlagStatus                      0x08001527   Thumb Code    26  stm32f4xx_usart.o(i.USART_GetFlagStatus)
    USART_GetITStatus                        0x08001541   Thumb Code    84  stm32f4xx_usart.o(i.USART_GetITStatus)
    USART_ITConfig                           0x08001595   Thumb Code    74  stm32f4xx_usart.o(i.USART_ITConfig)
    USART_Init                               0x080015e1   Thumb Code   204  stm32f4xx_usart.o(i.USART_Init)
    USART_ReceiveData                        0x080016b5   Thumb Code    10  stm32f4xx_usart.o(i.USART_ReceiveData)
    USART_SendData                           0x080016bf   Thumb Code     8  stm32f4xx_usart.o(i.USART_SendData)
    UsageFault_Handler                       0x080016c7   Thumb Code     4  stm32f4xx_it.o(i.UsageFault_Handler)
    __0printf                                0x080016cd   Thumb Code    22  printfa.o(i.__0printf)
    __1printf                                0x080016cd   Thumb Code     0  printfa.o(i.__0printf)
    __2printf                                0x080016cd   Thumb Code     0  printfa.o(i.__0printf)
    __c89printf                              0x080016cd   Thumb Code     0  printfa.o(i.__0printf)
    printf                                   0x080016cd   Thumb Code     0  printfa.o(i.__0printf)
    __0vsprintf                              0x080016ed   Thumb Code    30  printfa.o(i.__0vsprintf)
    __1vsprintf                              0x080016ed   Thumb Code     0  printfa.o(i.__0vsprintf)
    __2vsprintf                              0x080016ed   Thumb Code     0  printfa.o(i.__0vsprintf)
    __c89vsprintf                            0x080016ed   Thumb Code     0  printfa.o(i.__0vsprintf)
    vsprintf                                 0x080016ed   Thumb Code     0  printfa.o(i.__0vsprintf)
    __scatterload_copy                       0x08001711   Thumb Code    14  handlers.o(i.__scatterload_copy)
    __scatterload_null                       0x0800171f   Thumb Code     2  handlers.o(i.__scatterload_null)
    __scatterload_zeroinit                   0x08001721   Thumb Code    14  handlers.o(i.__scatterload_zeroinit)
    delay_ms                                 0x08001fc5   Thumb Code    24  delay.o(i.delay_ms)
    delay_us                                 0x08001fdd   Thumb Code    46  delay.o(i.delay_us)
    fputc                                    0x0800200b   Thumb Code    16  serial.o(i.fputc)
    main                                     0x0800201b   Thumb Code    20  main.o(i.main)
    spi_send_byte                            0x08002031   Thumb Code    50  ld3320.o(i.spi_send_byte)
    tDHT11_rec_byte                          0x08002069   Thumb Code    80  dht11.o(i.tDHT11_rec_byte)
    tDHT11_rec_data                          0x080020bd   Thumb Code   142  dht11.o(i.tDHT11_rec_data)
    tDHT11_start                             0x08002155   Thumb Code    66  dht11.o(i.tDHT11_start)
    Region$$Table$$Base                      0x0800246c   Number         0  anon$$obj.o(Region$$Table)
    Region$$Table$$Limit                     0x0800248c   Number         0  anon$$obj.o(Region$$Table)
    dat                                      0x20000010   Data           4  dht11.o(.data)
    msHcCount                                0x20000014   Data           2  hc_sr04.o(.data)
    nLD_Mode                                 0x20000016   Data           1  ld3320.o(.data)
    ucRegVal                                 0x20000017   Data           1  ld3320.o(.data)
    temperature                              0x20000018   Data           1  main.o(.data)
    dec                                      0x20000019   Data           1  main.o(.data)
    nAsrStatus                               0x2000001a   Data           1  main.o(.data)
    __stdout                                 0x2000001c   Data           4  stdout.o(.data)
    __initial_sp                             0x20000420   Data           0  startup_stm32f40xx.o(STACK)



==============================================================================

Memory Map of the image

  Image Entry point : 0x080001a1

  Load Region LR_1 (Base: 0x08000000, Size: 0x000024ac, Max: 0xffffffff, ABSOLUTE)

    Execution Region ER_RO (Exec base: 0x08000000, Load base: 0x08000000, Size: 0x0000248c, Max: 0xffffffff, ABSOLUTE)

    Exec Addr    Load Addr    Size         Type   Attr      Idx    E Section Name        Object

    0x08000000   0x08000000   0x00000188   Data   RO            3    RESET               startup_stm32f40xx.o
    0x08000188   0x08000188   0x00000000   Code   RO         6813  * .ARM.Collect$$$$00000000  mc_w.l(entry.o)
    0x08000188   0x08000188   0x00000004   Code   RO         7084    .ARM.Collect$$$$00000001  mc_w.l(entry2.o)
    0x0800018c   0x0800018c   0x00000004   Code   RO         7087    .ARM.Collect$$$$00000004  mc_w.l(entry5.o)
    0x08000190   0x08000190   0x00000000   Code   RO         7089    .ARM.Collect$$$$00000008  mc_w.l(entry7b.o)
    0x08000190   0x08000190   0x00000000   Code   RO         7091    .ARM.Collect$$$$0000000A  mc_w.l(entry8b.o)
    0x08000190   0x08000190   0x00000008   Code   RO         7092    .ARM.Collect$$$$0000000B  mc_w.l(entry9a.o)
    0x08000198   0x08000198   0x00000004   Code   RO         7099    .ARM.Collect$$$$0000000E  mc_w.l(entry12b.o)
    0x0800019c   0x0800019c   0x00000000   Code   RO         7094    .ARM.Collect$$$$0000000F  mc_w.l(entry10a.o)
    0x0800019c   0x0800019c   0x00000000   Code   RO         7096    .ARM.Collect$$$$00000011  mc_w.l(entry11a.o)
    0x0800019c   0x0800019c   0x00000004   Code   RO         7085    .ARM.Collect$$$$00002712  mc_w.l(entry2.o)
    0x080001a0   0x080001a0   0x00000024   Code   RO            4  * .text               startup_stm32f40xx.o
    0x080001c4   0x080001c4   0x00000024   Code   RO         6816    .text               mc_w.l(memcpya.o)
    0x080001e8   0x080001e8   0x00000024   Code   RO         6820    .text               mc_w.l(memseta.o)
    0x0800020c   0x0800020c   0x0000002c   Code   RO         7101    .text               mc_w.l(uidiv.o)
    0x08000238   0x08000238   0x00000062   Code   RO         7103    .text               mc_w.l(uldiv.o)
    0x0800029a   0x0800029a   0x00000000   Code   RO         7105    .text               mc_w.l(iusefp.o)
    0x0800029a   0x0800029a   0x0000014e   Code   RO         7106    .text               mf_w.l(dadd.o)
    0x080003e8   0x080003e8   0x000000e4   Code   RO         7108    .text               mf_w.l(dmul.o)
    0x080004cc   0x080004cc   0x000000de   Code   RO         7110    .text               mf_w.l(ddiv.o)
    0x080005aa   0x080005aa   0x00000030   Code   RO         7112    .text               mf_w.l(dfixul.o)
    0x080005da   0x080005da   0x00000002   PAD
    0x080005dc   0x080005dc   0x00000030   Code   RO         7114    .text               mf_w.l(cdrcmple.o)
    0x0800060c   0x0800060c   0x00000024   Code   RO         7116    .text               mc_w.l(init.o)
    0x08000630   0x08000630   0x0000001e   Code   RO         7118    .text               mc_w.l(llshl.o)
    0x0800064e   0x0800064e   0x00000020   Code   RO         7120    .text               mc_w.l(llushr.o)
    0x0800066e   0x0800066e   0x00000024   Code   RO         7122    .text               mc_w.l(llsshr.o)
    0x08000692   0x08000692   0x000000ba   Code   RO         7124    .text               mf_w.l(depilogue.o)
    0x0800074c   0x0800074c   0x00000004   Code   RO         6741    i.BusFault_Handler  stm32f4xx_it.o
    0x08000750   0x08000750   0x0000002c   Code   RO         6238    i.Data_In_Init      dht11.o
    0x0800077c   0x0800077c   0x00000030   Code   RO         6239    i.Data_Out_Init     dht11.o
    0x080007ac   0x080007ac   0x00000002   Code   RO         6742    i.DebugMon_Handler  stm32f4xx_it.o
    0x080007ae   0x080007ae   0x00000022   Code   RO         6555    i.EXTI15_10_IRQHandler  ld3320.o
    0x080007d0   0x080007d0   0x0000000c   Code   RO         1344    i.EXTI_ClearFlag    stm32f4xx_exti.o
    0x080007dc   0x080007dc   0x0000000c   Code   RO         1345    i.EXTI_ClearITPendingBit  stm32f4xx_exti.o
    0x080007e8   0x080007e8   0x00000018   Code   RO         1349    i.EXTI_GetITStatus  stm32f4xx_exti.o
    0x08000800   0x08000800   0x00000090   Code   RO         1858    i.GPIO_Init         stm32f4xx_gpio.o
    0x08000890   0x08000890   0x00000046   Code   RO         1859    i.GPIO_PinAFConfig  stm32f4xx_gpio.o
    0x080008d6   0x080008d6   0x00000012   Code   RO         1862    i.GPIO_ReadInputDataBit  stm32f4xx_gpio.o
    0x080008e8   0x080008e8   0x00000006   Code   RO         1865    i.GPIO_ResetBits    stm32f4xx_gpio.o
    0x080008ee   0x080008ee   0x00000004   Code   RO         1866    i.GPIO_SetBits      stm32f4xx_gpio.o
    0x080008f2   0x080008f2   0x00000004   Code   RO         6743    i.HardFault_Handler  stm32f4xx_it.o
    0x080008f6   0x080008f6   0x0000002a   Code   RO         6559    i.LD3320_delay      ld3320.o
    0x08000920   0x08000920   0x00000080   Code   RO         6690    i.LD3320_main       main.o
    0x080009a0   0x080009a0   0x000000d0   Code   RO         6561    i.LD_AsrAddFixed    ld3320.o
    0x08000a70   0x08000a70   0x0000007a   Code   RO         6562    i.LD_AsrRun         ld3320.o
    0x08000aea   0x08000aea   0x00000008   Code   RO         6563    i.LD_AsrStart       ld3320.o
    0x08000af2   0x08000af2   0x0000002a   Code   RO         6564    i.LD_Check_ASRBusyFlag_b2  ld3320.o
    0x08000b1c   0x08000b1c   0x0000000a   Code   RO         6565    i.LD_GetResult      ld3320.o
    0x08000b26   0x08000b26   0x00000002   PAD
    0x08000b28   0x08000b28   0x00000070   Code   RO         6566    i.LD_Init_ASR       ld3320.o
    0x08000b98   0x08000b98   0x000000cc   Code   RO         6567    i.LD_Init_Common    ld3320.o
    0x08000c64   0x08000c64   0x00000040   Code   RO         6568    i.LD_ReadReg        ld3320.o
    0x08000ca4   0x08000ca4   0x0000003c   Code   RO         6569    i.LD_WriteReg       ld3320.o
    0x08000ce0   0x08000ce0   0x00000100   Code   RO         6570    i.LD_reset          ld3320.o
    0x08000de0   0x08000de0   0x00000004   Code   RO         6744    i.MemManage_Handler  stm32f4xx_it.o
    0x08000de4   0x08000de4   0x00000002   Code   RO         6745    i.NMI_Handler       stm32f4xx_it.o
    0x08000de6   0x08000de6   0x00000002   PAD
    0x08000de8   0x08000de8   0x00000078   Code   RO           13    i.NVIC_Init         misc.o
    0x08000e60   0x08000e60   0x00000002   Code   RO         6746    i.PendSV_Handler    stm32f4xx_it.o
    0x08000e62   0x08000e62   0x00000002   PAD
    0x08000e64   0x08000e64   0x000000b4   Code   RO         6571    i.ProcessInt        ld3320.o
    0x08000f18   0x08000f18   0x00000020   Code   RO         2583    i.RCC_AHB1PeriphClockCmd  stm32f4xx_rcc.o
    0x08000f38   0x08000f38   0x00000020   Code   RO         2592    i.RCC_APB1PeriphClockCmd  stm32f4xx_rcc.o
    0x08000f58   0x08000f58   0x00000020   Code   RO         2595    i.RCC_APB2PeriphClockCmd  stm32f4xx_rcc.o
    0x08000f78   0x08000f78   0x000000e8   Code   RO         2604    i.RCC_GetClocksFreq  stm32f4xx_rcc.o
    0x08001060   0x08001060   0x00000050   Code   RO         6572    i.RunASR            ld3320.o
    0x080010b0   0x080010b0   0x00000012   Code   RO         3749    i.SPI_I2S_GetFlagStatus  stm32f4xx_spi.o
    0x080010c2   0x080010c2   0x00000006   Code   RO         3752    i.SPI_I2S_ReceiveData  stm32f4xx_spi.o
    0x080010c8   0x080010c8   0x00000004   Code   RO         3753    i.SPI_I2S_SendData  stm32f4xx_spi.o
    0x080010cc   0x080010cc   0x00000002   Code   RO         6747    i.SVC_Handler       stm32f4xx_it.o
    0x080010ce   0x080010ce   0x00000002   PAD
    0x080010d0   0x080010d0   0x00000170   Code   RO         6063    i.Serial_Init       serial.o
    0x08001240   0x08001240   0x00000024   Code   RO         6065    i.Serial_Printf     serial.o
    0x08001264   0x08001264   0x00000020   Code   RO         6067    i.Serial_SendByte   serial.o
    0x08001284   0x08001284   0x00000018   Code   RO         6069    i.Serial_SendString  serial.o
    0x0800129c   0x0800129c   0x000000ec   Code   RO         4787    i.SetSysClock       system_stm32f4xx.o
    0x08001388   0x08001388   0x00000002   Code   RO         6748    i.SysTick_Handler   stm32f4xx_it.o
    0x0800138a   0x0800138a   0x00000002   PAD
    0x0800138c   0x0800138c   0x00000068   Code   RO         4789    i.SystemInit        system_stm32f4xx.o
    0x080013f4   0x080013f4   0x0000002c   Code   RO         6691    i.TIM2_IRQHandler   main.o
    0x08001420   0x08001420   0x00000028   Code   RO         6294    i.TIM4_IRQHandler   hc_sr04.o
    0x08001448   0x08001448   0x00000006   Code   RO         3974    i.TIM_ClearITPendingBit  stm32f4xx_tim.o
    0x0800144e   0x0800144e   0x00000022   Code   RO         4000    i.TIM_GetITStatus   stm32f4xx_tim.o
    0x08001470   0x08001470   0x00000020   Code   RO         6070    i.USART2_IRQHandler  serial.o
    0x08001490   0x08001490   0x00000060   Code   RO         6071    i.USART3_IRQHandler  serial.o
    0x080014f0   0x080014f0   0x0000001e   Code   RO         4530    i.USART_ClearITPendingBit  stm32f4xx_usart.o
    0x0800150e   0x0800150e   0x00000018   Code   RO         4533    i.USART_Cmd         stm32f4xx_usart.o
    0x08001526   0x08001526   0x0000001a   Code   RO         4536    i.USART_GetFlagStatus  stm32f4xx_usart.o
    0x08001540   0x08001540   0x00000054   Code   RO         4537    i.USART_GetITStatus  stm32f4xx_usart.o
    0x08001594   0x08001594   0x0000004a   Code   RO         4539    i.USART_ITConfig    stm32f4xx_usart.o
    0x080015de   0x080015de   0x00000002   PAD
    0x080015e0   0x080015e0   0x000000d4   Code   RO         4540    i.USART_Init        stm32f4xx_usart.o
    0x080016b4   0x080016b4   0x0000000a   Code   RO         4547    i.USART_ReceiveData  stm32f4xx_usart.o
    0x080016be   0x080016be   0x00000008   Code   RO         4550    i.USART_SendData    stm32f4xx_usart.o
    0x080016c6   0x080016c6   0x00000004   Code   RO         6749    i.UsageFault_Handler  stm32f4xx_it.o
    0x080016ca   0x080016ca   0x00000002   PAD
    0x080016cc   0x080016cc   0x00000020   Code   RO         7057    i.__0printf         mc_w.l(printfa.o)
    0x080016ec   0x080016ec   0x00000024   Code   RO         7063    i.__0vsprintf       mc_w.l(printfa.o)
    0x08001710   0x08001710   0x0000000e   Code   RO         7128    i.__scatterload_copy  mc_w.l(handlers.o)
    0x0800171e   0x0800171e   0x00000002   Code   RO         7129    i.__scatterload_null  mc_w.l(handlers.o)
    0x08001720   0x08001720   0x0000000e   Code   RO         7130    i.__scatterload_zeroinit  mc_w.l(handlers.o)
    0x0800172e   0x0800172e   0x00000002   PAD
    0x08001730   0x08001730   0x00000184   Code   RO         7064    i._fp_digits        mc_w.l(printfa.o)
    0x080018b4   0x080018b4   0x000006b4   Code   RO         7065    i._printf_core      mc_w.l(printfa.o)
    0x08001f68   0x08001f68   0x00000024   Code   RO         7066    i._printf_post_padding  mc_w.l(printfa.o)
    0x08001f8c   0x08001f8c   0x0000002e   Code   RO         7067    i._printf_pre_padding  mc_w.l(printfa.o)
    0x08001fba   0x08001fba   0x0000000a   Code   RO         7069    i._sputc            mc_w.l(printfa.o)
    0x08001fc4   0x08001fc4   0x00000018   Code   RO         6202    i.delay_ms          delay.o
    0x08001fdc   0x08001fdc   0x0000002e   Code   RO         6204    i.delay_us          delay.o
    0x0800200a   0x0800200a   0x00000010   Code   RO         6072    i.fputc             serial.o
    0x0800201a   0x0800201a   0x00000014   Code   RO         6692    i.main              main.o
    0x0800202e   0x0800202e   0x00000002   PAD
    0x08002030   0x08002030   0x00000038   Code   RO         6573    i.spi_send_byte     ld3320.o
    0x08002068   0x08002068   0x00000054   Code   RO         6240    i.tDHT11_rec_byte   dht11.o
    0x080020bc   0x080020bc   0x00000098   Code   RO         6241    i.tDHT11_rec_data   dht11.o
    0x08002154   0x08002154   0x00000048   Code   RO         6242    i.tDHT11_start      dht11.o
    0x0800219c   0x0800219c   0x000002d0   Data   RO         6574    .constdata          ld3320.o
    0x0800246c   0x0800246c   0x00000020   Data   RO         7126    Region$$Table       anon$$obj.o


    Execution Region ER_RW (Exec base: 0x20000000, Load base: 0x0800248c, Size: 0x00000020, Max: 0xffffffff, ABSOLUTE)

    Exec Addr    Load Addr    Size         Type   Attr      Idx    E Section Name        Object

    0x20000000   0x0800248c   0x00000010   Data   RW         2636    .data               stm32f4xx_rcc.o
    0x20000010   0x0800249c   0x00000004   Data   RW         6243    .data               dht11.o
    0x20000014   0x080024a0   0x00000002   Data   RW         6295    .data               hc_sr04.o
    0x20000016   0x080024a2   0x00000002   Data   RW         6575    .data               ld3320.o
    0x20000018   0x080024a4   0x00000003   Data   RW         6693    .data               main.o
    0x2000001b   0x080024a7   0x00000001   PAD
    0x2000001c   0x080024a8   0x00000004   Data   RW         7100    .data               mc_w.l(stdout.o)


    Execution Region ER_ZI (Exec base: 0x20000020, Load base: 0x080024ac, Size: 0x00000400, Max: 0xffffffff, ABSOLUTE)

    Exec Addr    Load Addr    Size         Type   Attr      Idx    E Section Name        Object

    0x20000020        -       0x00000400   Zero   RW            1    STACK               startup_stm32f40xx.o


==============================================================================

Image component sizes


      Code (inc. data)   RO Data    RW Data    ZI Data      Debug   Object Name

        70          0          0          0          0       1082   delay.o
       400         30          0          4          0       3696   dht11.o
        40          8          0          2          0        762   hc_sr04.o
      1478         60        720          2          0       9385   ld3320.o
       192         24          0          3          0       1868   main.o
       120         14          0          0          0     301528   misc.o
       604         58          0          0          0       6300   serial.o
        36          8        392          0       1024        988   startup_stm32f40xx.o
        48         16          0          0          0       1913   stm32f4xx_exti.o
       242          0          0          0          0       4051   stm32f4xx_gpio.o
        26          0          0          0          0       4402   stm32f4xx_it.o
       328         36          0         16          0       5151   stm32f4xx_rcc.o
        28          0          0          0          0       2697   stm32f4xx_spi.o
        40          0          0          0          0       2110   stm32f4xx_tim.o
       468          8          0          0          0       6907   stm32f4xx_usart.o
       340         32          0          0          0       1925   system_stm32f4xx.o

    ----------------------------------------------------------------------
      4476        294       1144         28       1024     354765   Object Totals
         0          0         32          0          0          0   (incl. Generated)
        16          0          0          1          0          0   (incl. Padding)

    ----------------------------------------------------------------------

      Code (inc. data)   RO Data    RW Data    ZI Data      Debug   Library Member Name

         0          0          0          0          0          0   entry.o
         0          0          0          0          0          0   entry10a.o
         0          0          0          0          0          0   entry11a.o
         4          0          0          0          0          0   entry12b.o
         8          4          0          0          0          0   entry2.o
         4          0          0          0          0          0   entry5.o
         0          0          0          0          0          0   entry7b.o
         0          0          0          0          0          0   entry8b.o
         8          4          0          0          0          0   entry9a.o
        30          0          0          0          0          0   handlers.o
        36          8          0          0          0         68   init.o
         0          0          0          0          0          0   iusefp.o
        30          0          0          0          0         68   llshl.o
        36          0          0          0          0         68   llsshr.o
        32          0          0          0          0         68   llushr.o
        36          0          0          0          0         68   memcpya.o
        36          0          0          0          0        108   memseta.o
      2264         96          0          0          0        612   printfa.o
         0          0          0          4          0          0   stdout.o
        44          0          0          0          0         80   uidiv.o
        98          0          0          0          0         92   uldiv.o
        48          0          0          0          0         68   cdrcmple.o
       334          0          0          0          0        148   dadd.o
       222          0          0          0          0        100   ddiv.o
       186          0          0          0          0        176   depilogue.o
        48          0          0          0          0         68   dfixul.o
       228          0          0          0          0         96   dmul.o

    ----------------------------------------------------------------------
      3736        112          0          4          0       1888   Library Totals
         4          0          0          0          0          0   (incl. Padding)

    ----------------------------------------------------------------------

      Code (inc. data)   RO Data    RW Data    ZI Data      Debug   Library Name

      2666        112          0          4          0       1232   mc_w.l
      1066          0          0          0          0        656   mf_w.l

    ----------------------------------------------------------------------
      3736        112          0          4          0       1888   Library Totals

    ----------------------------------------------------------------------

==============================================================================


      Code (inc. data)   RO Data    RW Data    ZI Data      Debug   

      8212        406       1144         32       1024     349369   Grand Totals
      8212        406       1144         32       1024     349369   ELF Image Totals
      8212        406       1144         32          0          0   ROM Totals

==============================================================================

    Total RO  Size (Code + RO Data)                 9356 (   9.14kB)
    Total RW  Size (RW Data + ZI Data)              1056 (   1.03kB)
    Total ROM Size (Code + RO Data + RW Data)       9388 (   9.17kB)

==============================================================================

